******************************************************************************
                  TI ARM Linker PC v20.2.7                     
******************************************************************************
>> Linked Thu Jan 26 17:23:13 2023

OUTPUT FILE NAME:   <bluetooth_controller.out>
ENTRY POINT SYMBOL: "_c_int00_noargs"  address: 000035a5


MEMORY CONFIGURATION

         name            origin    length      used     unused   attr    fill
----------------------  --------  ---------  --------  --------  ----  --------
  MAIN                  00000000   00040000  000057a0  0003a860  R  X
  INFO                  00200000   00004000  00000000  00004000  R  X
  SRAM_CODE             01000000   00010000  00000681  0000f97f  RW X
  SRAM_DATA             20000000   00010000  00000681  0000f97f  RW  


SEGMENT ALLOCATION MAP

run origin  load origin   length   init length attrs members
----------  ----------- ---------- ----------- ----- -------
00000000    00000000    000057a0   000057a0    r-x
  00000000    00000000    000000e4   000000e4    r-- .intvecs
  000000e4    000000e4    00003910   00003910    r-x .text
  000039f4    000039f4    00001d54   00001d54    r-- .const
  00005748    00005748    00000058   00000058    r-- .cinit
20000000    20000000    00000484   00000000    rw-
  20000000    20000000    00000431   00000000    rw- .bss
  20000434    20000434    00000050   00000000    rw- .data
2000fe00    2000fe00    00000200   00000000    rw-
  2000fe00    2000fe00    00000200   00000000    rw- .stack


SECTION ALLOCATION MAP

 output                                  attributes/
section   page    origin      length       input sections
--------  ----  ----------  ----------   ----------------
.intvecs   0    00000000    000000e4     
                  00000000    000000e4     startup_msp432p401r_ccs.obj (.intvecs:retain)

.text      0    000000e4    00003910     
                  000000e4    00000680     Crystalfontz128x128_ST7735.obj (.text)
                  00000764    00000610     functions.obj (.text)
                  00000d74    0000047e     grlib.a : string.obj (.text:Graphics_drawString)
                  000011f2    00000390             : image.obj (.text:Graphics_drawImage)
                  00001582    00000002     --HOLE-- [fill = 0]
                  00001584    00000334     system_msp432p401r.obj (.text)
                  000018b8    0000022a     grlib.a : circle.obj (.text:Graphics_fillCircle)
                  00001ae2    00000002     --HOLE-- [fill = 0]
                  00001ae4    00000204     setup.obj (.text)
                  00001ce8    000001cc     main.obj (.text)
                  00001eb4    00000160     msp432p4xx_driverlib.lib : adc14.o (.text:_getIndexForMemRegister)
                  00002014    0000015c                              : pcm.o (.text:__PCM_setPowerModeAdvanced)
                  00002170    00000144                              : timer_a.o (.text:privateTimer_AProcessClockSourceDivider)
                  000022b4    00000134     stateMachine.obj (.text)
                  000023e8    00000130     msp432p4xx_driverlib.lib : cs.o (.text:CS_initClockSignal)
                  00002518    0000011c                              : uart.o (.text:UART_initModule)
                  00002634    00000108                              : pcm.o (.text:__PCM_setCoreVoltageLevelAdvanced)
                  0000273c    000000fa     grlib.a : string.obj (.text:Graphics_getStringWidth)
                  00002836    00000002     --HOLE-- [fill = 0]
                  00002838    000000cc     HAL_MSP_EXP432P401R_Crystalfontz128x128_ST7735.obj (.text)
                  00002904    000000b4     msp432p4xx_driverlib.lib : adc14.o (.text:ADC14_configureConversionMemory)
                  000029b8    000000b4                              : adc14.o (.text:ADC14_configureMultiSequenceMode)
                  00002a6c    000000b0                              : spi.o (.text:SPI_initMaster)
                  00002b1c    000000a2     grlib.a : rectangle.obj (.text:Graphics_drawRectangle)
                  00002bbe    0000009c             : line.obj (.text:Graphics_drawLineH)
                  00002c5a    0000009c             : line.obj (.text:Graphics_drawLineV)
                  00002cf6    0000009c     rtsv7M4_T_le_v4SPD16_eabi.lib : memcpy_t2.asm.obj (.text)
                  00002d92    00000002     --HOLE-- [fill = 0]
                  00002d94    00000088     msp432p4xx_driverlib.lib : gpio.o (.text:GPIO_setAsPeripheralModuleFunctionInputPin)
                  00002e1c    00000088                              : gpio.o (.text:GPIO_setAsPeripheralModuleFunctionOutputPin)
                  00002ea4    00000080                              : interrupt.o (.text:Interrupt_enableInterrupt)
                  00002f24    0000007a     rtsv7M4_T_le_v4SPD16_eabi.lib : memset_t2.asm.obj (.text)
                  00002f9e    00000002     --HOLE-- [fill = 0]
                  00002fa0    0000006c     grlib.a : image.obj (.text:Graphics_convertPalette)
                  0000300c    00000068     msp432p4xx_driverlib.lib : timer_a.o (.text:Timer_A_configureUpMode)
                  00003074    00000068     rtsv7M4_T_le_v4SPD16_eabi.lib : copy_decompress_lzss.c.obj (.text:decompress:lzss:__TI_decompress_lzss)
                  000030dc    0000005e     msp432p4xx_driverlib.lib : pcm.o (.text:PCM_getCoreVoltageLevel)
                  0000313a    0000005a                              : pcm.o (.text:PCM_getPowerMode)
                  00003194    00000054                              : adc14.o (.text:ADC14_initModule)
                  000031e8    00000052     grlib.a : context.obj (.text:Graphics_initContext)
                  0000323a    00000002     --HOLE-- [fill = 0]
                  0000323c    0000004c     msp432p4xx_driverlib.lib : gpio.o (.text:GPIO_setAsInputPin)
                  00003288    00000048                              : flash.o (.text:FlashCtl_setWaitState)
                  000032d0    00000048     grlib.a : string.obj (.text:Graphics_drawStringCentered)
                  00003318    00000046             : display.obj (.text:Graphics_drawMultiplePixelsOnDisplay)
                  0000335e    00000002     --HOLE-- [fill = 0]
                  00003360    00000044     rtsv7M4_T_le_v4SPD16_eabi.lib : autoinit.c.obj (.text:__TI_auto_init_nobinit_nopinit:__TI_auto_init_nobinit_nopinit)
                  000033a4    00000040     msp432p4xx_driverlib.lib : gpio.o (.text:GPIO_setAsOutputPin)
                  000033e4    00000040     grlib.a : string.obj (.text:Graphics_getNumberOfLeadingZeros)
                  00003424    00000040     msp432p4xx_driverlib.lib : spi.o (.text:is_A_Module)
                  00003464    00000038                              : adc14.o (.text:ADC14_getEnabledInterruptStatus)
                  0000349c    00000036     grlib.a : display.obj (.text:Graphics_drawHorizontalLineOnDisplay)
                  000034d2    00000036             : display.obj (.text:Graphics_drawVerticalLineOnDisplay)
                  00003508    00000034     msp432p4xx_driverlib.lib : adc14.o (.text:ADC14_enableSampleTimer)
                  0000353c    00000034                              : cs.o (.text:CS_setDCOCenteredFrequency)
                  00003570    00000034                              : uart.o (.text:UART_transmitData)
                  000035a4    00000034     rtsv7M4_T_le_v4SPD16_eabi.lib : boot_cortex_m.c.obj (.text:_c_int00_noargs:_c_int00_noargs)
                  000035d8    00000030     msp432p4xx_driverlib.lib : adc14.o (.text:ADC14_clearInterruptFlag)
                  00003608    00000030                              : adc14.o (.text:ADC14_enableInterrupt)
                  00003638    00000030                              : adc14.o (.text:ADC14_setSampleHoldTime)
                  00003668    00000030                              : gpio.o (.text:GPIO_getInputPinValue)
                  00003698    0000002c                              : adc14.o (.text:ADC14_getInterruptStatus)
                  000036c4    0000002c                              : adc14.o (.text:ADC14_toggleConversionTrigger)
                  000036f0    0000002c     grlib.a : display.obj (.text:Graphics_drawPixelOnDisplay)
                  0000371c    0000002c     msp432p4xx_driverlib.lib : timer_a.o (.text:Timer_A_clearCaptureCompareInterrupt)
                  00003748    00000028                              : adc14.o (.text:ADC14_enableConversion)
                  00003770    00000028                              : adc14.o (.text:ADC14_getResult)
                  00003798    00000028                              : gpio.o (.text:GPIO_setOutputHighOnPin)
                  000037c0    00000028                              : gpio.o (.text:GPIO_setOutputLowOnPin)
                  000037e8    00000028                              : pcm.o (.text:PCM_gotoLPM0)
                  00003810    00000024                              : wdt_a.o (.text:WDT_A_holdTimer)
                  00003834    0000001c                              : spi.o (.text:SPI_enableModule)
                  00003850    0000001a     grlib.a : display.obj (.text:Graphics_clearDisplayOnDisplay)
                  0000386a    0000001a             : context.obj (.text:Graphics_setBackgroundColor)
                  00003884    0000001a             : context.obj (.text:Graphics_setFont)
                  0000389e    00000016     msp432p4xx_driverlib.lib : spi.o (.text:EUSCI_A_SPI_enable)
                  000038b4    00000016                              : spi.o (.text:EUSCI_B_SPI_enable)
                  000038ca    00000016     grlib.a : context.obj (.text:Graphics_setForegroundColor)
                  000038e0    00000016             : display.obj (.text:Graphics_translateColorOnDisplay)
                  000038f6    00000016     msp432p4xx_driverlib.lib : timer_a.o (.text:Timer_A_startCounter)
                  0000390c    00000016                              : uart.o (.text:UART_enableModule)
                  00003922    00000002     --HOLE-- [fill = 0]
                  00003924    00000014                              : pcm.o (.text:PCM_getPowerState)
                  00003938    00000012     grlib.a : context.obj (.text:Graphics_clearDisplay)
                  0000394a    00000002     --HOLE-- [fill = 0]
                  0000394c    00000010     msp432p4xx_driverlib.lib : adc14.o (.text:ADCIsConversionRunning)
                  0000395c    00000010                              : interrupt.o (.text:Interrupt_disableMaster)
                  0000396c    00000010                              : interrupt.o (.text:Interrupt_enableMaster)
                  0000397c    00000010                              : pcm.o (.text:PCM_setCoreVoltageLevel)
                  0000398c    00000010                              : pcm.o (.text:PCM_setPowerMode)
                  0000399c    0000000e     rtsv7M4_T_le_v4SPD16_eabi.lib : copy_decompress_none.c.obj (.text:decompress:none:__TI_decompress_none)
                  000039aa    0000000e     startup_msp432p401r_ccs.obj (.text)
                  000039b8    0000000c     msp432p4xx_driverlib.lib : adc14.o (.text:ADC14_enableModule)
                  000039c4    0000000c                              : cpu.o (.text:CPU_cpsid)
                  000039d0    0000000c                              : cpu.o (.text:CPU_cpsie)
                  000039dc    0000000c     rtsv7M4_T_le_v4SPD16_eabi.lib : copy_zero_init.c.obj (.text:decompress:ZI:__TI_zero_init)
                  000039e8    00000004     msp432p4xx_driverlib.lib : cpu.o (.text:CPU_wfi)
                  000039ec    00000004     rtsv7M4_T_le_v4SPD16_eabi.lib : pre_init.c.obj (.text:_system_pre_init)
                  000039f0    00000004                                   : exit.c.obj (.text:abort:abort)

.const     0    000039f4    00001d54     
                  000039f4    00000800     images.obj (.const:.string:game_image)
                  000041f4    00000800     images.obj (.const:.string:menu_image)
                  000049f4    00000800     images.obj (.const:.string:menu_sel_image)
                  000051f4    000002f8     grlib.a : fontfixed6x8.obj (.const:.string:g_pucFontFixed6x8Data)
                  000054ec    000000c8             : fontfixed6x8.obj (.const:g_sFontFixed6x8)
                  000055b4    00000080     msp432p4xx_driverlib.lib : adc14.o (.const:_ctlRegs)
                  00005634    00000030                              : gpio.o (.const:GPIO_PORT_TO_BASE)
                  00005664    00000028     constants.obj (.const:uartConfig)
                  0000568c    00000020     Crystalfontz128x128_ST7735.obj (.const:g_sCrystalfontz128x128_funcs)
                  000056ac    0000001c     HAL_MSP_EXP432P401R_Crystalfontz128x128_ST7735.obj (.const:$P$T0$1)
                  000056c8    00000018     constants.obj (.const:upConfig)
                  000056e0    00000010     images.obj (.const:GAME)
                  000056f0    00000010     images.obj (.const:MENU_IMAGE)
                  00005700    00000010     images.obj (.const:MENU_SEL)
                  00005710    00000008     Crystalfontz128x128_ST7735.obj (.const:$P$T0$1)
                  00005718    00000008     msp432p4xx_driverlib.lib : interrupt.o (.const:g_pulEnRegs)
                  00005720    00000008     images.obj (.const:palette_BLACK_WHITE)
                  00005728    00000008     constants.obj (.const:rectangle_A1)
                  00005730    00000008     constants.obj (.const:rectangle_A)
                  00005738    00000008     constants.obj (.const:rectangle_J1)
                  00005740    00000008     constants.obj (.const:rectangle_J)

.cinit     0    00005748    00000058     
                  00005748    00000030     (.cinit..data.load) [load image, compression = lzss]
                  00005778    0000000c     (__TI_handler_table)
                  00005784    00000004     --HOLE-- [fill = 0]
                  00005788    00000008     (.cinit..bss.load) [load image, compression = zero_init]
                  00005790    00000010     (__TI_cinit_table)

.init_array 
*          0    00000000    00000000     UNINITIALIZED

.binit     0    00000000    00000000     

.bss       0    20000000    00000431     UNINITIALIZED
                  20000000    00000400     grlib.a : image.obj (.bss:g_pulConvertedPalette)
                  20000400    0000001c     (.common:g_sContext)
                  2000041c    00000008     main.obj (.bss:resultsBuffer)
                  20000424    00000002     (.common:Lcd_ScreenHeigth)
                  20000426    00000002     (.common:Lcd_ScreenWidth)
                  20000428    00000002     (.common:Lcd_TouchTrim)
                  2000042a    00000001     (.common:Lcd_FlagRead)
                  2000042b    00000001     (.common:Lcd_FontSolid)
                  2000042c    00000001     (.common:Lcd_Orientation)
                  2000042d    00000001     (.common:Lcd_PenSolid)
                  2000042e    00000001     (.common:button3)
                  2000042f    00000001     (.common:button5)
                  20000430    00000001     (.common:buttonj)

.data      0    20000434    00000050     UNINITIALIZED
                  20000434    00000020     main.obj (.data:fsm)
                  20000454    0000001a     main.obj (.data)
                  2000046e    00000002     --HOLE--
                  20000470    00000010     Crystalfontz128x128_ST7735.obj (.data:g_sCrystalfontz128x128)
                  20000480    00000004     system_msp432p401r.obj (.data)

.stack     0    2000fe00    00000200     UNINITIALIZED
                  2000fe00    00000004     rtsv7M4_T_le_v4SPD16_eabi.lib : boot_cortex_m.c.obj (.stack)
                  2000fe04    000001fc     --HOLE--

__llvm_prf_cnts 
*          0    20000000    00000000     UNINITIALIZED

MODULE SUMMARY

       Module                                               code    ro data   rw data
       ------                                               ----    -------   -------
    .\
       images.obj                                           0       6200      0      
       functions.obj                                        1552    0         0      
       system_msp432p401r.obj                               820     0         8      
       main.obj                                             460     0         194    
       setup.obj                                            516     0         0      
       stateMachine.obj                                     308     0         0      
       startup_msp432p401r_ccs.obj                          14      228       0      
       constants.obj                                        0       96        0      
    +--+----------------------------------------------------+-------+---------+---------+
       Total:                                               3670    6524      202    
                                                                                     
    .\LcdDriver\
       Crystalfontz128x128_ST7735.obj                       1664    40        52     
       HAL_MSP_EXP432P401R_Crystalfontz128x128_ST7735.obj   204     28        0      
    +--+----------------------------------------------------+-------+---------+---------+
       Total:                                               1868    68        52     
                                                                                     
    C:/Users/webbe/Documents/msp432DriverLib/simplelink_msp432p4_sdk_3_40_01_02/source/ti/devices/msp432p4xx/driverlib/ccs/msp432p4xx_driverlib.lib
       adc14.o                                              1244    128       0      
       pcm.o                                                888     0         0      
       gpio.o                                               540     48        0      
       timer_a.o                                            494     0         0      
       uart.o                                               358     0         0      
       cs.o                                                 356     0         0      
       spi.o                                                312     0         0      
       interrupt.o                                          160     8         0      
       flash.o                                              72      0         0      
       wdt_a.o                                              36      0         0      
       cpu.o                                                28      0         0      
    +--+----------------------------------------------------+-------+---------+---------+
       Total:                                               4488    184       0      
                                                                                     
    C:/Users/webbe/Documents/msp432DriverLib/simplelink_msp432p4_sdk_3_40_01_02/source/ti/grlib/lib/ccs/m4f/grlib.a
       image.obj                                            1020    0         2048   
       string.obj                                           1536    0         0      
       fontfixed6x8.obj                                     0       960       0      
       circle.obj                                           554     0         0      
       line.obj                                             312     0         0      
       display.obj                                          270     0         0      
       context.obj                                          174     0         0      
       rectangle.obj                                        162     0         0      
    +--+----------------------------------------------------+-------+---------+---------+
       Total:                                               4028    960       2048   
                                                                                     
    C:\ti\ccs1210\ccs\tools\compiler\ti-cgt-arm_20.2.7.LTS\lib\rtsv7M4_T_le_v4SPD16_eabi.lib
       memcpy_t2.asm.obj                                    156     0         0      
       memset_t2.asm.obj                                    122     0         0      
       copy_decompress_lzss.c.obj                           104     0         0      
       autoinit.c.obj                                       68      0         0      
       boot_cortex_m.c.obj                                  52      0         0      
       copy_decompress_none.c.obj                           14      0         0      
       copy_zero_init.c.obj                                 12      0         0      
       exit.c.obj                                           4       0         0      
       pre_init.c.obj                                       4       0         0      
    +--+----------------------------------------------------+-------+---------+---------+
       Total:                                               536     0         0      
                                                                                     
       Stack:                                               0       0         1024   
       Linker Generated:                                    0       84        0      
    +--+----------------------------------------------------+-------+---------+---------+
       Grand Total:                                         14590   7820      3326   


LINKER GENERATED COPY TABLES

__TI_cinit_table @ 00005790 records: 2, size/record: 8, table size: 16
	.data: load addr=00005748, load size=00000030 bytes, run addr=20000434, run size=00000050 bytes, compression=lzss
	.bss: load addr=00005788, load size=00000008 bytes, run addr=20000000, run size=00000431 bytes, compression=zero_init


LINKER GENERATED HANDLER TABLE

__TI_handler_table @ 00005778 records: 3, size/record: 4, table size: 12
	index: 0, handler: __TI_decompress_lzss
	index: 1, handler: __TI_decompress_none
	index: 2, handler: __TI_zero_init


GLOBAL SYMBOLS: SORTED ALPHABETICALLY BY Name 

address   name                                       
-------   ----                                       
00001d25  ADC14_IRQHandler                           
00001d25  ADC14_IRQHandler                           
000035d9  ADC14_clearInterruptFlag                   
00002905  ADC14_configureConversionMemory            
000029b9  ADC14_configureMultiSequenceMode           
00003749  ADC14_enableConversion                     
00003609  ADC14_enableInterrupt                      
000039b9  ADC14_enableModule                         
00003509  ADC14_enableSampleTimer                    
00003465  ADC14_getEnabledInterruptStatus            
00003699  ADC14_getInterruptStatus                   
00003771  ADC14_getResult                            
00003195  ADC14_initModule                           
00003639  ADC14_setSampleHoldTime                    
000036c5  ADC14_toggleConversionTrigger              
000039b7  AES256_IRQHandler                          
000039b7  BusFault_Handler                           
000039f1  C$$EXIT                                    
000039b7  COMP_E0_IRQHandler                         
000039b7  COMP_E1_IRQHandler                         
000039c5  CPU_cpsid                                  
000039d1  CPU_cpsie                                  
000039e9  CPU_wfi                                    
000039b7  CS_IRQHandler                              
000023e9  CS_initClockSignal                         
0000353d  CS_setDCOCenteredFrequency                 
000000e5  Crystalfontz128x128_Init                   
000001f9  Crystalfontz128x128_SetDrawFrame           
00000327  Crystalfontz128x128_SetOrientation         
000039b7  DMA_ERR_IRQHandler                         
000039b7  DMA_INT0_IRQHandler                        
000039b7  DMA_INT1_IRQHandler                        
000039b7  DMA_INT2_IRQHandler                        
000039b7  DMA_INT3_IRQHandler                        
000039b7  DebugMon_Handler                           
000039b7  Default_Handler                            
000039b7  EUSCIA0_IRQHandler                         
000039b7  EUSCIA1_IRQHandler                         
000039b7  EUSCIA2_IRQHandler                         
000039b7  EUSCIA3_IRQHandler                         
000039b7  EUSCIB0_IRQHandler                         
000039b7  EUSCIB1_IRQHandler                         
000039b7  EUSCIB2_IRQHandler                         
000039b7  EUSCIB3_IRQHandler                         
0000389f  EUSCI_A_SPI_enable                         
000038b5  EUSCI_B_SPI_enable                         
000039b7  FLCTL_IRQHandler                           
000039b7  FPU_IRQHandler                             
00003289  FlashCtl_setWaitState                      
000056e0  GAME                                       
00003669  GPIO_getInputPinValue                      
0000323d  GPIO_setAsInputPin                         
000033a5  GPIO_setAsOutputPin                        
00002d95  GPIO_setAsPeripheralModuleFunctionInputPin 
00002e1d  GPIO_setAsPeripheralModuleFunctionOutputPin
00003799  GPIO_setOutputHighOnPin                    
000037c1  GPIO_setOutputLowOnPin                     
00003939  Graphics_clearDisplay                      
00003851  Graphics_clearDisplayOnDisplay             
0000349d  Graphics_drawHorizontalLineOnDisplay       
000011f3  Graphics_drawImage                         
00002bbf  Graphics_drawLineH                         
00002c5b  Graphics_drawLineV                         
00003319  Graphics_drawMultiplePixelsOnDisplay       
000036f1  Graphics_drawPixelOnDisplay                
00002b1d  Graphics_drawRectangle                     
00000d75  Graphics_drawString                        
000032d1  Graphics_drawStringCentered                
000034d3  Graphics_drawVerticalLineOnDisplay         
000018b9  Graphics_fillCircle                        
0000273d  Graphics_getStringWidth                    
000031e9  Graphics_initContext                       
0000386b  Graphics_setBackgroundColor                
00003885  Graphics_setFont                           
000038cb  Graphics_setForegroundColor                
000038e1  Graphics_translateColorOnDisplay           
00002839  HAL_LCD_PortInit                           
00002869  HAL_LCD_SpiInit                            
0000289f  HAL_LCD_writeCommand                       
000028cf  HAL_LCD_writeData                          
000039b7  HardFault_Handler                          
0000395d  Interrupt_disableMaster                    
00002ea5  Interrupt_enableInterrupt                  
0000396d  Interrupt_enableMaster                     
2000042a  Lcd_FlagRead                               
2000042b  Lcd_FontSolid                              
2000042c  Lcd_Orientation                            
2000042d  Lcd_PenSolid                               
20000424  Lcd_ScreenHeigth                           
20000426  Lcd_ScreenWidth                            
20000428  Lcd_TouchTrim                              
000056f0  MENU_IMAGE                                 
00005700  MENU_SEL                                   
000039b7  MemManage_Handler                          
000039b7  NMI_Handler                                
000039b7  PCM_IRQHandler                             
000030dd  PCM_getCoreVoltageLevel                    
0000313b  PCM_getPowerMode                           
00003925  PCM_getPowerState                          
000037e9  PCM_gotoLPM0                               
0000397d  PCM_setCoreVoltageLevel                    
0000398d  PCM_setPowerMode                           
000039b7  PORT1_IRQHandler                           
000039b7  PORT2_IRQHandler                           
000039b7  PORT3_IRQHandler                           
000039b7  PORT4_IRQHandler                           
000039b7  PORT5_IRQHandler                           
000039b7  PORT6_IRQHandler                           
000039b7  PSS_IRQHandler                             
000039b7  PendSV_Handler                             
000039b7  RTC_C_IRQHandler                           
000039ab  Reset_Handler                              
00003835  SPI_enableModule                           
00002a6d  SPI_initMaster                             
000039b7  SVC_Handler                                
000039b7  SysTick_Handler                            
20000480  SystemCoreClock                            
00001585  SystemCoreClockUpdate                      
000017fd  SystemInit                                 
000039b7  T32_INT1_IRQHandler                        
000039b7  T32_INT2_IRQHandler                        
000039b7  T32_INTC_IRQHandler                        
000039b7  TA0_0_IRQHandler                           
000039b7  TA0_N_IRQHandler                           
00001e5f  TA1_0_IRQHandler                           
00001e5f  TA1_0_IRQHandler                           
000039b7  TA1_N_IRQHandler                           
000039b7  TA2_0_IRQHandler                           
000039b7  TA2_N_IRQHandler                           
000039b7  TA3_0_IRQHandler                           
000039b7  TA3_N_IRQHandler                           
0000371d  Timer_A_clearCaptureCompareInterrupt       
0000300d  Timer_A_configureUpMode                    
000038f7  Timer_A_startCounter                       
0000390d  UART_enableModule                          
00002519  UART_initModule                            
00003571  UART_transmitData                          
000039b7  UsageFault_Handler                         
4000480c  WDTCTL_SYM                                 
000039b7  WDT_A_IRQHandler                           
00003811  WDT_A_holdTimer                            
20010000  __STACK_END                                
00000200  __STACK_SIZE                               
00005790  __TI_CINIT_Base                            
000057a0  __TI_CINIT_Limit                           
00005778  __TI_Handler_Table_Base                    
00005784  __TI_Handler_Table_Limit                   
00003361  __TI_auto_init_nobinit_nopinit             
00003075  __TI_decompress_lzss                       
0000399d  __TI_decompress_none                       
ffffffff  __TI_pprof_out_hndl                        
ffffffff  __TI_prof_data_size                        
ffffffff  __TI_prof_data_start                       
00000000  __TI_static_base__                         
000039dd  __TI_zero_init                             
00002f25  __aeabi_memclr                             
00002f25  __aeabi_memclr4                            
00002f25  __aeabi_memclr8                            
00002cf7  __aeabi_memcpy                             
00002cf7  __aeabi_memcpy4                            
00002cf7  __aeabi_memcpy8                            
00002f27  __aeabi_memset                             
00002f27  __aeabi_memset4                            
00002f27  __aeabi_memset8                            
ffffffff  __binit__                                  
ffffffff  __c_args__                                 
UNDEFED   __mpu_init                                 
2000fe00  __stack                                    
20000000  __start___llvm_prf_cnts                    
20000000  __stop___llvm_prf_cnts                     
00001b81  _adcInit                                   
000035a5  _c_int00_noargs                            
00001ae5  _graphicsInit                              
00001c29  _hwInit                                    
UNDEFED   _system_post_cinit                         
000039ed  _system_pre_init                           
00001b29  _timerInit                                 
00001b47  _uartInit                                  
000039f1  abort                                      
20000459  acc_down                                   
2000045a  acc_dx                                     
2000045b  acc_sx                                     
20000458  acc_up                                     
ffffffff  binit                                      
00000765  blink                                      
2000042e  button3                                    
00000ac9  button3_pressed                            
2000042f  button5                                    
00000b25  button5_pressed                            
20000430  buttonj                                    
00000853  clear_menu                                 
2000046d  current_state                              
00000897  draw_menu                                  
00000811  draw_select                                
00002337  fn_GAME                                    
000022b5  fn_INIT                                    
00002363  fn_MENU_PAUSE                              
000022e9  fn_MENU_SEL                                
20000434  fsm                                        
20000400  g_sContext                                 
20000470  g_sCrystalfontz128x128                     
0000568c  g_sCrystalfontz128x128_funcs               
000054ec  g_sFontFixed6x8                            
20000464  i3                                         
20000466  i5                                         
20000468  iblink                                     
2000045e  id                                         
00000000  interruptVectors                           
20000462  is                                         
2000045c  iu                                         
20000460  ix                                         
20000455  joystick_down                              
20000456  joystick_dx                                
000009b9  joystick_moved_down                        
00000a21  joystick_moved_dx                          
00000a69  joystick_moved_sx                          
00000971  joystick_moved_up                          
20000457  joystick_sx                                
20000454  joystick_up                                
00001ce9  main                                       
00002cf7  memcpy                                     
00002f2d  memset                                     
2000046c  menu                                       
00000b6d  menu_selection                             
20000469  mode                                       
2000046b  quit                                       
00005730  rectangle_A                                
00005728  rectangle_A1                               
00005740  rectangle_J                                
00005738  rectangle_J1                               
00000c11  send_data                                  
2000046a  state                                      
00005664  uartConfig                                 
000056c8  upConfig                                   


GLOBAL SYMBOLS: SORTED BY Symbol Address 

address   name                                       
-------   ----                                       
00000000  __TI_static_base__                         
00000000  interruptVectors                           
000000e5  Crystalfontz128x128_Init                   
000001f9  Crystalfontz128x128_SetDrawFrame           
00000200  __STACK_SIZE                               
00000327  Crystalfontz128x128_SetOrientation         
00000765  blink                                      
00000811  draw_select                                
00000853  clear_menu                                 
00000897  draw_menu                                  
00000971  joystick_moved_up                          
000009b9  joystick_moved_down                        
00000a21  joystick_moved_dx                          
00000a69  joystick_moved_sx                          
00000ac9  button3_pressed                            
00000b25  button5_pressed                            
00000b6d  menu_selection                             
00000c11  send_data                                  
00000d75  Graphics_drawString                        
000011f3  Graphics_drawImage                         
00001585  SystemCoreClockUpdate                      
000017fd  SystemInit                                 
000018b9  Graphics_fillCircle                        
00001ae5  _graphicsInit                              
00001b29  _timerInit                                 
00001b47  _uartInit                                  
00001b81  _adcInit                                   
00001c29  _hwInit                                    
00001ce9  main                                       
00001d25  ADC14_IRQHandler                           
00001d25  ADC14_IRQHandler                           
00001e5f  TA1_0_IRQHandler                           
00001e5f  TA1_0_IRQHandler                           
000022b5  fn_INIT                                    
000022e9  fn_MENU_SEL                                
00002337  fn_GAME                                    
00002363  fn_MENU_PAUSE                              
000023e9  CS_initClockSignal                         
00002519  UART_initModule                            
0000273d  Graphics_getStringWidth                    
00002839  HAL_LCD_PortInit                           
00002869  HAL_LCD_SpiInit                            
0000289f  HAL_LCD_writeCommand                       
000028cf  HAL_LCD_writeData                          
00002905  ADC14_configureConversionMemory            
000029b9  ADC14_configureMultiSequenceMode           
00002a6d  SPI_initMaster                             
00002b1d  Graphics_drawRectangle                     
00002bbf  Graphics_drawLineH                         
00002c5b  Graphics_drawLineV                         
00002cf7  __aeabi_memcpy                             
00002cf7  __aeabi_memcpy4                            
00002cf7  __aeabi_memcpy8                            
00002cf7  memcpy                                     
00002d95  GPIO_setAsPeripheralModuleFunctionInputPin 
00002e1d  GPIO_setAsPeripheralModuleFunctionOutputPin
00002ea5  Interrupt_enableInterrupt                  
00002f25  __aeabi_memclr                             
00002f25  __aeabi_memclr4                            
00002f25  __aeabi_memclr8                            
00002f27  __aeabi_memset                             
00002f27  __aeabi_memset4                            
00002f27  __aeabi_memset8                            
00002f2d  memset                                     
0000300d  Timer_A_configureUpMode                    
00003075  __TI_decompress_lzss                       
000030dd  PCM_getCoreVoltageLevel                    
0000313b  PCM_getPowerMode                           
00003195  ADC14_initModule                           
000031e9  Graphics_initContext                       
0000323d  GPIO_setAsInputPin                         
00003289  FlashCtl_setWaitState                      
000032d1  Graphics_drawStringCentered                
00003319  Graphics_drawMultiplePixelsOnDisplay       
00003361  __TI_auto_init_nobinit_nopinit             
000033a5  GPIO_setAsOutputPin                        
00003465  ADC14_getEnabledInterruptStatus            
0000349d  Graphics_drawHorizontalLineOnDisplay       
000034d3  Graphics_drawVerticalLineOnDisplay         
00003509  ADC14_enableSampleTimer                    
0000353d  CS_setDCOCenteredFrequency                 
00003571  UART_transmitData                          
000035a5  _c_int00_noargs                            
000035d9  ADC14_clearInterruptFlag                   
00003609  ADC14_enableInterrupt                      
00003639  ADC14_setSampleHoldTime                    
00003669  GPIO_getInputPinValue                      
00003699  ADC14_getInterruptStatus                   
000036c5  ADC14_toggleConversionTrigger              
000036f1  Graphics_drawPixelOnDisplay                
0000371d  Timer_A_clearCaptureCompareInterrupt       
00003749  ADC14_enableConversion                     
00003771  ADC14_getResult                            
00003799  GPIO_setOutputHighOnPin                    
000037c1  GPIO_setOutputLowOnPin                     
000037e9  PCM_gotoLPM0                               
00003811  WDT_A_holdTimer                            
00003835  SPI_enableModule                           
00003851  Graphics_clearDisplayOnDisplay             
0000386b  Graphics_setBackgroundColor                
00003885  Graphics_setFont                           
0000389f  EUSCI_A_SPI_enable                         
000038b5  EUSCI_B_SPI_enable                         
000038cb  Graphics_setForegroundColor                
000038e1  Graphics_translateColorOnDisplay           
000038f7  Timer_A_startCounter                       
0000390d  UART_enableModule                          
00003925  PCM_getPowerState                          
00003939  Graphics_clearDisplay                      
0000395d  Interrupt_disableMaster                    
0000396d  Interrupt_enableMaster                     
0000397d  PCM_setCoreVoltageLevel                    
0000398d  PCM_setPowerMode                           
0000399d  __TI_decompress_none                       
000039ab  Reset_Handler                              
000039b7  AES256_IRQHandler                          
000039b7  BusFault_Handler                           
000039b7  COMP_E0_IRQHandler                         
000039b7  COMP_E1_IRQHandler                         
000039b7  CS_IRQHandler                              
000039b7  DMA_ERR_IRQHandler                         
000039b7  DMA_INT0_IRQHandler                        
000039b7  DMA_INT1_IRQHandler                        
000039b7  DMA_INT2_IRQHandler                        
000039b7  DMA_INT3_IRQHandler                        
000039b7  DebugMon_Handler                           
000039b7  Default_Handler                            
000039b7  EUSCIA0_IRQHandler                         
000039b7  EUSCIA1_IRQHandler                         
000039b7  EUSCIA2_IRQHandler                         
000039b7  EUSCIA3_IRQHandler                         
000039b7  EUSCIB0_IRQHandler                         
000039b7  EUSCIB1_IRQHandler                         
000039b7  EUSCIB2_IRQHandler                         
000039b7  EUSCIB3_IRQHandler                         
000039b7  FLCTL_IRQHandler                           
000039b7  FPU_IRQHandler                             
000039b7  HardFault_Handler                          
000039b7  MemManage_Handler                          
000039b7  NMI_Handler                                
000039b7  PCM_IRQHandler                             
000039b7  PORT1_IRQHandler                           
000039b7  PORT2_IRQHandler                           
000039b7  PORT3_IRQHandler                           
000039b7  PORT4_IRQHandler                           
000039b7  PORT5_IRQHandler                           
000039b7  PORT6_IRQHandler                           
000039b7  PSS_IRQHandler                             
000039b7  PendSV_Handler                             
000039b7  RTC_C_IRQHandler                           
000039b7  SVC_Handler                                
000039b7  SysTick_Handler                            
000039b7  T32_INT1_IRQHandler                        
000039b7  T32_INT2_IRQHandler                        
000039b7  T32_INTC_IRQHandler                        
000039b7  TA0_0_IRQHandler                           
000039b7  TA0_N_IRQHandler                           
000039b7  TA1_N_IRQHandler                           
000039b7  TA2_0_IRQHandler                           
000039b7  TA2_N_IRQHandler                           
000039b7  TA3_0_IRQHandler                           
000039b7  TA3_N_IRQHandler                           
000039b7  UsageFault_Handler                         
000039b7  WDT_A_IRQHandler                           
000039b9  ADC14_enableModule                         
000039c5  CPU_cpsid                                  
000039d1  CPU_cpsie                                  
000039dd  __TI_zero_init                             
000039e9  CPU_wfi                                    
000039ed  _system_pre_init                           
000039f1  C$$EXIT                                    
000039f1  abort                                      
000054ec  g_sFontFixed6x8                            
00005664  uartConfig                                 
0000568c  g_sCrystalfontz128x128_funcs               
000056c8  upConfig                                   
000056e0  GAME                                       
000056f0  MENU_IMAGE                                 
00005700  MENU_SEL                                   
00005728  rectangle_A1                               
00005730  rectangle_A                                
00005738  rectangle_J1                               
00005740  rectangle_J                                
00005778  __TI_Handler_Table_Base                    
00005784  __TI_Handler_Table_Limit                   
00005790  __TI_CINIT_Base                            
000057a0  __TI_CINIT_Limit                           
20000000  __start___llvm_prf_cnts                    
20000000  __stop___llvm_prf_cnts                     
20000400  g_sContext                                 
20000424  Lcd_ScreenHeigth                           
20000426  Lcd_ScreenWidth                            
20000428  Lcd_TouchTrim                              
2000042a  Lcd_FlagRead                               
2000042b  Lcd_FontSolid                              
2000042c  Lcd_Orientation                            
2000042d  Lcd_PenSolid                               
2000042e  button3                                    
2000042f  button5                                    
20000430  buttonj                                    
20000434  fsm                                        
20000454  joystick_up                                
20000455  joystick_down                              
20000456  joystick_dx                                
20000457  joystick_sx                                
20000458  acc_up                                     
20000459  acc_down                                   
2000045a  acc_dx                                     
2000045b  acc_sx                                     
2000045c  iu                                         
2000045e  id                                         
20000460  ix                                         
20000462  is                                         
20000464  i3                                         
20000466  i5                                         
20000468  iblink                                     
20000469  mode                                       
2000046a  state                                      
2000046b  quit                                       
2000046c  menu                                       
2000046d  current_state                              
20000470  g_sCrystalfontz128x128                     
20000480  SystemCoreClock                            
2000fe00  __stack                                    
20010000  __STACK_END                                
4000480c  WDTCTL_SYM                                 
ffffffff  __TI_pprof_out_hndl                        
ffffffff  __TI_prof_data_size                        
ffffffff  __TI_prof_data_start                       
ffffffff  __binit__                                  
ffffffff  __c_args__                                 
ffffffff  binit                                      
UNDEFED   __mpu_init                                 
UNDEFED   _system_post_cinit                         

[234 symbols]
