<?xml version="1.0" encoding="ISO-8859-1" ?>
<link_info>
   <banner>TI ARM Linker PC v20.2.7.LTS</banner>
   <copyright>Copyright (c) 1996-2018 Texas Instruments Incorporated</copyright>
   <link_time>0x63d2a8f1</link_time>
   <link_errors>0x0</link_errors>
   <output_file>bluetooth_controller.out</output_file>
   <entry_point>
      <name>_c_int00_noargs</name>
      <address>0x35a5</address>
   </entry_point>
   <input_file_list>
      <input_file id="fl-2">
         <path>.\</path>
         <kind>object</kind>
         <file>constants.obj</file>
         <name>constants.obj</name>
      </input_file>
      <input_file id="fl-3">
         <path>.\</path>
         <kind>object</kind>
         <file>functions.obj</file>
         <name>functions.obj</name>
      </input_file>
      <input_file id="fl-4">
         <path>.\</path>
         <kind>object</kind>
         <file>images.obj</file>
         <name>images.obj</name>
      </input_file>
      <input_file id="fl-5">
         <path>.\</path>
         <kind>object</kind>
         <file>main.obj</file>
         <name>main.obj</name>
      </input_file>
      <input_file id="fl-6">
         <path>.\</path>
         <kind>object</kind>
         <file>setup.obj</file>
         <name>setup.obj</name>
      </input_file>
      <input_file id="fl-7">
         <path>.\</path>
         <kind>object</kind>
         <file>startup_msp432p401r_ccs.obj</file>
         <name>startup_msp432p401r_ccs.obj</name>
      </input_file>
      <input_file id="fl-8">
         <path>.\</path>
         <kind>object</kind>
         <file>stateMachine.obj</file>
         <name>stateMachine.obj</name>
      </input_file>
      <input_file id="fl-9">
         <path>.\</path>
         <kind>object</kind>
         <file>system_msp432p401r.obj</file>
         <name>system_msp432p401r.obj</name>
      </input_file>
      <input_file id="fl-a">
         <path>.\LcdDriver\</path>
         <kind>object</kind>
         <file>Crystalfontz128x128_ST7735.obj</file>
         <name>Crystalfontz128x128_ST7735.obj</name>
      </input_file>
      <input_file id="fl-b">
         <path>.\LcdDriver\</path>
         <kind>object</kind>
         <file>HAL_MSP_EXP432P401R_Crystalfontz128x128_ST7735.obj</file>
         <name>HAL_MSP_EXP432P401R_Crystalfontz128x128_ST7735.obj</name>
      </input_file>
      <input_file id="fl-11">
         <kind>object</kind>
         <file>&lt;internal&gt;</file>
         <name>&lt;internal&gt;</name>
      </input_file>
      <input_file id="fl-c7">
         <path>C:\ti\ccs1210\ccs\tools\compiler\ti-cgt-arm_20.2.7.LTS\lib\</path>
         <kind>archive</kind>
         <file>rtsv7M4_T_le_v4SPD16_eabi.lib</file>
         <name>copy_zero_init.c.obj</name>
      </input_file>
      <input_file id="fl-c8">
         <path>C:\ti\ccs1210\ccs\tools\compiler\ti-cgt-arm_20.2.7.LTS\lib\</path>
         <kind>archive</kind>
         <file>rtsv7M4_T_le_v4SPD16_eabi.lib</file>
         <name>copy_decompress_none.c.obj</name>
      </input_file>
      <input_file id="fl-c9">
         <path>C:\ti\ccs1210\ccs\tools\compiler\ti-cgt-arm_20.2.7.LTS\lib\</path>
         <kind>archive</kind>
         <file>rtsv7M4_T_le_v4SPD16_eabi.lib</file>
         <name>copy_decompress_lzss.c.obj</name>
      </input_file>
      <input_file id="fl-ca">
         <path>C:\ti\ccs1210\ccs\tools\compiler\ti-cgt-arm_20.2.7.LTS\lib\</path>
         <kind>archive</kind>
         <file>rtsv7M4_T_le_v4SPD16_eabi.lib</file>
         <name>boot_cortex_m.c.obj</name>
      </input_file>
      <input_file id="fl-cb">
         <path>C:\ti\ccs1210\ccs\tools\compiler\ti-cgt-arm_20.2.7.LTS\lib\</path>
         <kind>archive</kind>
         <file>rtsv7M4_T_le_v4SPD16_eabi.lib</file>
         <name>memcpy_t2.asm.obj</name>
      </input_file>
      <input_file id="fl-cc">
         <path>C:\ti\ccs1210\ccs\tools\compiler\ti-cgt-arm_20.2.7.LTS\lib\</path>
         <kind>archive</kind>
         <file>rtsv7M4_T_le_v4SPD16_eabi.lib</file>
         <name>memset_t2.asm.obj</name>
      </input_file>
      <input_file id="fl-cd">
         <path>C:\ti\ccs1210\ccs\tools\compiler\ti-cgt-arm_20.2.7.LTS\lib\</path>
         <kind>archive</kind>
         <file>rtsv7M4_T_le_v4SPD16_eabi.lib</file>
         <name>autoinit.c.obj</name>
      </input_file>
      <input_file id="fl-ce">
         <path>C:\ti\ccs1210\ccs\tools\compiler\ti-cgt-arm_20.2.7.LTS\lib\</path>
         <kind>archive</kind>
         <file>rtsv7M4_T_le_v4SPD16_eabi.lib</file>
         <name>pre_init.c.obj</name>
      </input_file>
      <input_file id="fl-cf">
         <path>C:\ti\ccs1210\ccs\tools\compiler\ti-cgt-arm_20.2.7.LTS\lib\</path>
         <kind>archive</kind>
         <file>rtsv7M4_T_le_v4SPD16_eabi.lib</file>
         <name>cpy_tbl.c.obj</name>
      </input_file>
      <input_file id="fl-d0">
         <path>C:\ti\ccs1210\ccs\tools\compiler\ti-cgt-arm_20.2.7.LTS\lib\</path>
         <kind>archive</kind>
         <file>rtsv7M4_T_le_v4SPD16_eabi.lib</file>
         <name>exit.c.obj</name>
      </input_file>
      <input_file id="fl-d1">
         <path>C:\ti\ccs1210\ccs\tools\compiler\ti-cgt-arm_20.2.7.LTS\lib\</path>
         <kind>archive</kind>
         <file>rtsv7M4_T_le_v4SPD16_eabi.lib</file>
         <name>_lock.c.obj</name>
      </input_file>
      <input_file id="fl-d2">
         <path>C:\ti\ccs1210\ccs\tools\compiler\ti-cgt-arm_20.2.7.LTS\lib\</path>
         <kind>archive</kind>
         <file>rtsv7M4_T_le_v4SPD16_eabi.lib</file>
         <name>args_main.c.obj</name>
      </input_file>
      <input_file id="fl-d3">
         <path>C:\Users\webbe\Documents\msp432DriverLib\simplelink_msp432p4_sdk_3_40_01_02\source\ti\devices\msp432p4xx\driverlib\ccs\</path>
         <kind>archive</kind>
         <file>msp432p4xx_driverlib.lib</file>
         <name>adc14.o</name>
      </input_file>
      <input_file id="fl-d4">
         <path>C:\Users\webbe\Documents\msp432DriverLib\simplelink_msp432p4_sdk_3_40_01_02\source\ti\devices\msp432p4xx\driverlib\ccs\</path>
         <kind>archive</kind>
         <file>msp432p4xx_driverlib.lib</file>
         <name>cs.o</name>
      </input_file>
      <input_file id="fl-d5">
         <path>C:\Users\webbe\Documents\msp432DriverLib\simplelink_msp432p4_sdk_3_40_01_02\source\ti\devices\msp432p4xx\driverlib\ccs\</path>
         <kind>archive</kind>
         <file>msp432p4xx_driverlib.lib</file>
         <name>flash.o</name>
      </input_file>
      <input_file id="fl-d6">
         <path>C:\Users\webbe\Documents\msp432DriverLib\simplelink_msp432p4_sdk_3_40_01_02\source\ti\devices\msp432p4xx\driverlib\ccs\</path>
         <kind>archive</kind>
         <file>msp432p4xx_driverlib.lib</file>
         <name>gpio.o</name>
      </input_file>
      <input_file id="fl-d7">
         <path>C:\Users\webbe\Documents\msp432DriverLib\simplelink_msp432p4_sdk_3_40_01_02\source\ti\devices\msp432p4xx\driverlib\ccs\</path>
         <kind>archive</kind>
         <file>msp432p4xx_driverlib.lib</file>
         <name>interrupt.o</name>
      </input_file>
      <input_file id="fl-d8">
         <path>C:\Users\webbe\Documents\msp432DriverLib\simplelink_msp432p4_sdk_3_40_01_02\source\ti\devices\msp432p4xx\driverlib\ccs\</path>
         <kind>archive</kind>
         <file>msp432p4xx_driverlib.lib</file>
         <name>pcm.o</name>
      </input_file>
      <input_file id="fl-d9">
         <path>C:\Users\webbe\Documents\msp432DriverLib\simplelink_msp432p4_sdk_3_40_01_02\source\ti\devices\msp432p4xx\driverlib\ccs\</path>
         <kind>archive</kind>
         <file>msp432p4xx_driverlib.lib</file>
         <name>rtc_c.o</name>
      </input_file>
      <input_file id="fl-da">
         <path>C:\Users\webbe\Documents\msp432DriverLib\simplelink_msp432p4_sdk_3_40_01_02\source\ti\devices\msp432p4xx\driverlib\ccs\</path>
         <kind>archive</kind>
         <file>msp432p4xx_driverlib.lib</file>
         <name>spi.o</name>
      </input_file>
      <input_file id="fl-db">
         <path>C:\Users\webbe\Documents\msp432DriverLib\simplelink_msp432p4_sdk_3_40_01_02\source\ti\devices\msp432p4xx\driverlib\ccs\</path>
         <kind>archive</kind>
         <file>msp432p4xx_driverlib.lib</file>
         <name>sysctl.o</name>
      </input_file>
      <input_file id="fl-dc">
         <path>C:\Users\webbe\Documents\msp432DriverLib\simplelink_msp432p4_sdk_3_40_01_02\source\ti\devices\msp432p4xx\driverlib\ccs\</path>
         <kind>archive</kind>
         <file>msp432p4xx_driverlib.lib</file>
         <name>sysctl_a.o</name>
      </input_file>
      <input_file id="fl-dd">
         <path>C:\Users\webbe\Documents\msp432DriverLib\simplelink_msp432p4_sdk_3_40_01_02\source\ti\devices\msp432p4xx\driverlib\ccs\</path>
         <kind>archive</kind>
         <file>msp432p4xx_driverlib.lib</file>
         <name>timer_a.o</name>
      </input_file>
      <input_file id="fl-de">
         <path>C:\Users\webbe\Documents\msp432DriverLib\simplelink_msp432p4_sdk_3_40_01_02\source\ti\devices\msp432p4xx\driverlib\ccs\</path>
         <kind>archive</kind>
         <file>msp432p4xx_driverlib.lib</file>
         <name>uart.o</name>
      </input_file>
      <input_file id="fl-df">
         <path>C:\Users\webbe\Documents\msp432DriverLib\simplelink_msp432p4_sdk_3_40_01_02\source\ti\devices\msp432p4xx\driverlib\ccs\</path>
         <kind>archive</kind>
         <file>msp432p4xx_driverlib.lib</file>
         <name>wdt_a.o</name>
      </input_file>
      <input_file id="fl-e0">
         <path>C:\Users\webbe\Documents\msp432DriverLib\simplelink_msp432p4_sdk_3_40_01_02\source\ti\devices\msp432p4xx\driverlib\ccs\</path>
         <kind>archive</kind>
         <file>msp432p4xx_driverlib.lib</file>
         <name>cpu.o</name>
      </input_file>
      <input_file id="fl-e1">
         <path>C:\Users\webbe\Documents\msp432DriverLib\simplelink_msp432p4_sdk_3_40_01_02\source\ti\grlib\lib\ccs\m4f\</path>
         <kind>archive</kind>
         <file>grlib.a</file>
         <name>circle.obj</name>
      </input_file>
      <input_file id="fl-e2">
         <path>C:\Users\webbe\Documents\msp432DriverLib\simplelink_msp432p4_sdk_3_40_01_02\source\ti\grlib\lib\ccs\m4f\</path>
         <kind>archive</kind>
         <file>grlib.a</file>
         <name>context.obj</name>
      </input_file>
      <input_file id="fl-e3">
         <path>C:\Users\webbe\Documents\msp432DriverLib\simplelink_msp432p4_sdk_3_40_01_02\source\ti\grlib\lib\ccs\m4f\</path>
         <kind>archive</kind>
         <file>grlib.a</file>
         <name>display.obj</name>
      </input_file>
      <input_file id="fl-e4">
         <path>C:\Users\webbe\Documents\msp432DriverLib\simplelink_msp432p4_sdk_3_40_01_02\source\ti\grlib\lib\ccs\m4f\</path>
         <kind>archive</kind>
         <file>grlib.a</file>
         <name>fontfixed6x8.obj</name>
      </input_file>
      <input_file id="fl-e5">
         <path>C:\Users\webbe\Documents\msp432DriverLib\simplelink_msp432p4_sdk_3_40_01_02\source\ti\grlib\lib\ccs\m4f\</path>
         <kind>archive</kind>
         <file>grlib.a</file>
         <name>image.obj</name>
      </input_file>
      <input_file id="fl-e6">
         <path>C:\Users\webbe\Documents\msp432DriverLib\simplelink_msp432p4_sdk_3_40_01_02\source\ti\grlib\lib\ccs\m4f\</path>
         <kind>archive</kind>
         <file>grlib.a</file>
         <name>line.obj</name>
      </input_file>
      <input_file id="fl-e7">
         <path>C:\Users\webbe\Documents\msp432DriverLib\simplelink_msp432p4_sdk_3_40_01_02\source\ti\grlib\lib\ccs\m4f\</path>
         <kind>archive</kind>
         <file>grlib.a</file>
         <name>rectangle.obj</name>
      </input_file>
      <input_file id="fl-e8">
         <path>C:\Users\webbe\Documents\msp432DriverLib\simplelink_msp432p4_sdk_3_40_01_02\source\ti\grlib\lib\ccs\m4f\</path>
         <kind>archive</kind>
         <file>grlib.a</file>
         <name>string.obj</name>
      </input_file>
   </input_file_list>
   <object_component_list>
      <object_component id="oc-26">
         <name>.intvecs:retain</name>
         <load_address>0x0</load_address>
         <run_address>0x0</run_address>
         <size>0xe4</size>
         <input_file_ref idref="fl-7"/>
      </object_component>
      <object_component id="oc-154">
         <name>.text</name>
         <load_address>0xe4</load_address>
         <run_address>0xe4</run_address>
         <size>0x680</size>
         <input_file_ref idref="fl-a"/>
      </object_component>
      <object_component id="oc-be">
         <name>.text</name>
         <load_address>0x764</load_address>
         <run_address>0x764</run_address>
         <size>0x610</size>
         <input_file_ref idref="fl-3"/>
      </object_component>
      <object_component id="oc-350">
         <name>.text:Graphics_drawString</name>
         <load_address>0xd74</load_address>
         <run_address>0xd74</run_address>
         <size>0x47e</size>
         <input_file_ref idref="fl-e8"/>
      </object_component>
      <object_component id="oc-178">
         <name>.text:Graphics_drawImage</name>
         <load_address>0x11f2</load_address>
         <run_address>0x11f2</run_address>
         <size>0x390</size>
         <input_file_ref idref="fl-e5"/>
      </object_component>
      <object_component id="oc-a5">
         <name>.text</name>
         <load_address>0x1584</load_address>
         <run_address>0x1584</run_address>
         <size>0x334</size>
         <input_file_ref idref="fl-9"/>
      </object_component>
      <object_component id="oc-22a">
         <name>.text:Graphics_fillCircle</name>
         <load_address>0x18b8</load_address>
         <run_address>0x18b8</run_address>
         <size>0x22a</size>
         <input_file_ref idref="fl-e1"/>
      </object_component>
      <object_component id="oc-ac">
         <name>.text</name>
         <load_address>0x1ae4</load_address>
         <run_address>0x1ae4</run_address>
         <size>0x204</size>
         <input_file_ref idref="fl-6"/>
      </object_component>
      <object_component id="oc-6d">
         <name>.text</name>
         <load_address>0x1ce8</load_address>
         <run_address>0x1ce8</run_address>
         <size>0x1cc</size>
         <input_file_ref idref="fl-5"/>
      </object_component>
      <object_component id="oc-259">
         <name>.text:_getIndexForMemRegister</name>
         <load_address>0x1eb4</load_address>
         <run_address>0x1eb4</run_address>
         <size>0x160</size>
         <input_file_ref idref="fl-d3"/>
      </object_component>
      <object_component id="oc-493">
         <name>.text:__PCM_setPowerModeAdvanced</name>
         <load_address>0x2014</load_address>
         <run_address>0x2014</run_address>
         <size>0x15c</size>
         <input_file_ref idref="fl-d8"/>
      </object_component>
      <object_component id="oc-2f8">
         <name>.text:privateTimer_AProcessClockSourceDivider</name>
         <load_address>0x2170</load_address>
         <run_address>0x2170</run_address>
         <size>0x144</size>
         <input_file_ref idref="fl-dd"/>
      </object_component>
      <object_component id="oc-26b">
         <name>.text</name>
         <load_address>0x22b4</load_address>
         <run_address>0x22b4</run_address>
         <size>0x134</size>
         <input_file_ref idref="fl-8"/>
      </object_component>
      <object_component id="oc-1f6">
         <name>.text:CS_initClockSignal</name>
         <load_address>0x23e8</load_address>
         <run_address>0x23e8</run_address>
         <size>0x130</size>
         <input_file_ref idref="fl-d4"/>
      </object_component>
      <object_component id="oc-1ae">
         <name>.text:UART_initModule</name>
         <load_address>0x2518</load_address>
         <run_address>0x2518</run_address>
         <size>0x11c</size>
         <input_file_ref idref="fl-de"/>
      </object_component>
      <object_component id="oc-30e">
         <name>.text:__PCM_setCoreVoltageLevelAdvanced</name>
         <load_address>0x2634</load_address>
         <run_address>0x2634</run_address>
         <size>0x108</size>
         <input_file_ref idref="fl-d8"/>
      </object_component>
      <object_component id="oc-34a">
         <name>.text:Graphics_getStringWidth</name>
         <load_address>0x273c</load_address>
         <run_address>0x273c</run_address>
         <size>0xfa</size>
         <input_file_ref idref="fl-e8"/>
      </object_component>
      <object_component id="oc-2b3">
         <name>.text</name>
         <load_address>0x2838</load_address>
         <run_address>0x2838</run_address>
         <size>0xcc</size>
         <input_file_ref idref="fl-b"/>
      </object_component>
      <object_component id="oc-1cc">
         <name>.text:ADC14_configureConversionMemory</name>
         <load_address>0x2904</load_address>
         <run_address>0x2904</run_address>
         <size>0xb4</size>
         <input_file_ref idref="fl-d3"/>
      </object_component>
      <object_component id="oc-1c6">
         <name>.text:ADC14_configureMultiSequenceMode</name>
         <load_address>0x29b8</load_address>
         <run_address>0x29b8</run_address>
         <size>0xb4</size>
         <input_file_ref idref="fl-d3"/>
      </object_component>
      <object_component id="oc-3bd">
         <name>.text:SPI_initMaster</name>
         <load_address>0x2a6c</load_address>
         <run_address>0x2a6c</run_address>
         <size>0xb0</size>
         <input_file_ref idref="fl-da"/>
      </object_component>
      <object_component id="oc-224">
         <name>.text:Graphics_drawRectangle</name>
         <load_address>0x2b1c</load_address>
         <run_address>0x2b1c</run_address>
         <size>0xa2</size>
         <input_file_ref idref="fl-e7"/>
      </object_component>
      <object_component id="oc-358">
         <name>.text:Graphics_drawLineH</name>
         <load_address>0x2bbe</load_address>
         <run_address>0x2bbe</run_address>
         <size>0x9c</size>
         <input_file_ref idref="fl-e6"/>
      </object_component>
      <object_component id="oc-35e">
         <name>.text:Graphics_drawLineV</name>
         <load_address>0x2c5a</load_address>
         <run_address>0x2c5a</run_address>
         <size>0x9c</size>
         <input_file_ref idref="fl-e6"/>
      </object_component>
      <object_component id="oc-37">
         <name>.text</name>
         <load_address>0x2cf6</load_address>
         <run_address>0x2cf6</run_address>
         <size>0x9c</size>
         <input_file_ref idref="fl-cb"/>
      </object_component>
      <object_component id="oc-196">
         <name>.text:GPIO_setAsPeripheralModuleFunctionInputPin</name>
         <load_address>0x2d94</load_address>
         <run_address>0x2d94</run_address>
         <size>0x88</size>
         <input_file_ref idref="fl-d6"/>
      </object_component>
      <object_component id="oc-3b1">
         <name>.text:GPIO_setAsPeripheralModuleFunctionOutputPin</name>
         <load_address>0x2e1c</load_address>
         <run_address>0x2e1c</run_address>
         <size>0x88</size>
         <input_file_ref idref="fl-d6"/>
      </object_component>
      <object_component id="oc-184">
         <name>.text:Interrupt_enableInterrupt</name>
         <load_address>0x2ea4</load_address>
         <run_address>0x2ea4</run_address>
         <size>0x80</size>
         <input_file_ref idref="fl-d7"/>
      </object_component>
      <object_component id="oc-8d">
         <name>.text</name>
         <load_address>0x2f24</load_address>
         <run_address>0x2f24</run_address>
         <size>0x7a</size>
         <input_file_ref idref="fl-cc"/>
      </object_component>
      <object_component id="oc-2e4">
         <name>.text:Graphics_convertPalette</name>
         <load_address>0x2fa0</load_address>
         <run_address>0x2fa0</run_address>
         <size>0x6c</size>
         <input_file_ref idref="fl-e5"/>
      </object_component>
      <object_component id="oc-17e">
         <name>.text:Timer_A_configureUpMode</name>
         <load_address>0x300c</load_address>
         <run_address>0x300c</run_address>
         <size>0x68</size>
         <input_file_ref idref="fl-dd"/>
      </object_component>
      <object_component id="oc-17">
         <name>.text:decompress:lzss:__TI_decompress_lzss</name>
         <load_address>0x3074</load_address>
         <run_address>0x3074</run_address>
         <size>0x68</size>
         <input_file_ref idref="fl-c9"/>
      </object_component>
      <object_component id="oc-410">
         <name>.text:PCM_getCoreVoltageLevel</name>
         <load_address>0x30dc</load_address>
         <run_address>0x30dc</run_address>
         <size>0x5e</size>
         <input_file_ref idref="fl-d8"/>
      </object_component>
      <object_component id="oc-40a">
         <name>.text:PCM_getPowerMode</name>
         <load_address>0x313a</load_address>
         <run_address>0x313a</run_address>
         <size>0x5a</size>
         <input_file_ref idref="fl-d8"/>
      </object_component>
      <object_component id="oc-1c0">
         <name>.text:ADC14_initModule</name>
         <load_address>0x3194</load_address>
         <run_address>0x3194</run_address>
         <size>0x54</size>
         <input_file_ref idref="fl-d3"/>
      </object_component>
      <object_component id="oc-15a">
         <name>.text:Graphics_initContext</name>
         <load_address>0x31e8</load_address>
         <run_address>0x31e8</run_address>
         <size>0x52</size>
         <input_file_ref idref="fl-e2"/>
      </object_component>
      <object_component id="oc-1fc">
         <name>.text:GPIO_setAsInputPin</name>
         <load_address>0x323c</load_address>
         <run_address>0x323c</run_address>
         <size>0x4c</size>
         <input_file_ref idref="fl-d6"/>
      </object_component>
      <object_component id="oc-19c">
         <name>.text:FlashCtl_setWaitState</name>
         <load_address>0x3288</load_address>
         <run_address>0x3288</run_address>
         <size>0x48</size>
         <input_file_ref idref="fl-d5"/>
      </object_component>
      <object_component id="oc-21e">
         <name>.text:Graphics_drawStringCentered</name>
         <load_address>0x32d0</load_address>
         <run_address>0x32d0</run_address>
         <size>0x48</size>
         <input_file_ref idref="fl-e8"/>
      </object_component>
      <object_component id="oc-2ea">
         <name>.text:Graphics_drawMultiplePixelsOnDisplay</name>
         <load_address>0x3318</load_address>
         <run_address>0x3318</run_address>
         <size>0x46</size>
         <input_file_ref idref="fl-e3"/>
      </object_component>
      <object_component id="oc-11e">
         <name>.text:__TI_auto_init_nobinit_nopinit:__TI_auto_init_nobinit_nopinit</name>
         <load_address>0x3360</load_address>
         <run_address>0x3360</run_address>
         <size>0x44</size>
         <input_file_ref idref="fl-cd"/>
      </object_component>
      <object_component id="oc-3b7">
         <name>.text:GPIO_setAsOutputPin</name>
         <load_address>0x33a4</load_address>
         <run_address>0x33a4</run_address>
         <size>0x40</size>
         <input_file_ref idref="fl-d6"/>
      </object_component>
      <object_component id="oc-439">
         <name>.text:Graphics_getNumberOfLeadingZeros</name>
         <load_address>0x33e4</load_address>
         <run_address>0x33e4</run_address>
         <size>0x40</size>
         <input_file_ref idref="fl-e8"/>
      </object_component>
      <object_component id="oc-472">
         <name>.text:is_A_Module</name>
         <load_address>0x3424</load_address>
         <run_address>0x3424</run_address>
         <size>0x40</size>
         <input_file_ref idref="fl-da"/>
      </object_component>
      <object_component id="oc-c4">
         <name>.text:ADC14_getEnabledInterruptStatus</name>
         <load_address>0x3464</load_address>
         <run_address>0x3464</run_address>
         <size>0x38</size>
         <input_file_ref idref="fl-d3"/>
      </object_component>
      <object_component id="oc-442">
         <name>.text:Graphics_drawHorizontalLineOnDisplay</name>
         <load_address>0x349c</load_address>
         <run_address>0x349c</run_address>
         <size>0x36</size>
         <input_file_ref idref="fl-e3"/>
      </object_component>
      <object_component id="oc-44a">
         <name>.text:Graphics_drawVerticalLineOnDisplay</name>
         <load_address>0x34d2</load_address>
         <run_address>0x34d2</run_address>
         <size>0x36</size>
         <input_file_ref idref="fl-e3"/>
      </object_component>
      <object_component id="oc-1de">
         <name>.text:ADC14_enableSampleTimer</name>
         <load_address>0x3508</load_address>
         <run_address>0x3508</run_address>
         <size>0x34</size>
         <input_file_ref idref="fl-d3"/>
      </object_component>
      <object_component id="oc-1a8">
         <name>.text:CS_setDCOCenteredFrequency</name>
         <load_address>0x353c</load_address>
         <run_address>0x353c</run_address>
         <size>0x34</size>
         <input_file_ref idref="fl-d4"/>
      </object_component>
      <object_component id="oc-23c">
         <name>.text:UART_transmitData</name>
         <load_address>0x3570</load_address>
         <run_address>0x3570</run_address>
         <size>0x34</size>
         <input_file_ref idref="fl-de"/>
      </object_component>
      <object_component id="oc-55">
         <name>.text:_c_int00_noargs:_c_int00_noargs</name>
         <load_address>0x35a4</load_address>
         <run_address>0x35a4</run_address>
         <size>0x34</size>
         <input_file_ref idref="fl-ca"/>
      </object_component>
      <object_component id="oc-ca">
         <name>.text:ADC14_clearInterruptFlag</name>
         <load_address>0x35d8</load_address>
         <run_address>0x35d8</run_address>
         <size>0x30</size>
         <input_file_ref idref="fl-d3"/>
      </object_component>
      <object_component id="oc-1d2">
         <name>.text:ADC14_enableInterrupt</name>
         <load_address>0x3608</load_address>
         <run_address>0x3608</run_address>
         <size>0x30</size>
         <input_file_ref idref="fl-d3"/>
      </object_component>
      <object_component id="oc-1d8">
         <name>.text:ADC14_setSampleHoldTime</name>
         <load_address>0x3638</load_address>
         <run_address>0x3638</run_address>
         <size>0x30</size>
         <input_file_ref idref="fl-d3"/>
      </object_component>
      <object_component id="oc-d0">
         <name>.text:GPIO_getInputPinValue</name>
         <load_address>0x3668</load_address>
         <run_address>0x3668</run_address>
         <size>0x30</size>
         <input_file_ref idref="fl-d6"/>
      </object_component>
      <object_component id="oc-243">
         <name>.text:ADC14_getInterruptStatus</name>
         <load_address>0x3698</load_address>
         <run_address>0x3698</run_address>
         <size>0x2c</size>
         <input_file_ref idref="fl-d3"/>
      </object_component>
      <object_component id="oc-b8">
         <name>.text:ADC14_toggleConversionTrigger</name>
         <load_address>0x36c4</load_address>
         <run_address>0x36c4</run_address>
         <size>0x2c</size>
         <input_file_ref idref="fl-d3"/>
      </object_component>
      <object_component id="oc-2f0">
         <name>.text:Graphics_drawPixelOnDisplay</name>
         <load_address>0x36f0</load_address>
         <run_address>0x36f0</run_address>
         <size>0x2c</size>
         <input_file_ref idref="fl-e3"/>
      </object_component>
      <object_component id="oc-dc">
         <name>.text:Timer_A_clearCaptureCompareInterrupt</name>
         <load_address>0x371c</load_address>
         <run_address>0x371c</run_address>
         <size>0x2c</size>
         <input_file_ref idref="fl-dd"/>
      </object_component>
      <object_component id="oc-1e4">
         <name>.text:ADC14_enableConversion</name>
         <load_address>0x3748</load_address>
         <run_address>0x3748</run_address>
         <size>0x28</size>
         <input_file_ref idref="fl-d3"/>
      </object_component>
      <object_component id="oc-d6">
         <name>.text:ADC14_getResult</name>
         <load_address>0x3770</load_address>
         <run_address>0x3770</run_address>
         <size>0x28</size>
         <input_file_ref idref="fl-d3"/>
      </object_component>
      <object_component id="oc-2bf">
         <name>.text:GPIO_setOutputHighOnPin</name>
         <load_address>0x3798</load_address>
         <run_address>0x3798</run_address>
         <size>0x28</size>
         <input_file_ref idref="fl-d6"/>
      </object_component>
      <object_component id="oc-2b9">
         <name>.text:GPIO_setOutputLowOnPin</name>
         <load_address>0x37c0</load_address>
         <run_address>0x37c0</run_address>
         <size>0x28</size>
         <input_file_ref idref="fl-d6"/>
      </object_component>
      <object_component id="oc-b2">
         <name>.text:PCM_gotoLPM0</name>
         <load_address>0x37e8</load_address>
         <run_address>0x37e8</run_address>
         <size>0x28</size>
         <input_file_ref idref="fl-d8"/>
      </object_component>
      <object_component id="oc-1ea">
         <name>.text:WDT_A_holdTimer</name>
         <load_address>0x3810</load_address>
         <run_address>0x3810</run_address>
         <size>0x24</size>
         <input_file_ref idref="fl-df"/>
      </object_component>
      <object_component id="oc-3c3">
         <name>.text:SPI_enableModule</name>
         <load_address>0x3834</load_address>
         <run_address>0x3834</run_address>
         <size>0x1c</size>
         <input_file_ref idref="fl-da"/>
      </object_component>
      <object_component id="oc-2dd">
         <name>.text:Graphics_clearDisplayOnDisplay</name>
         <load_address>0x3850</load_address>
         <run_address>0x3850</run_address>
         <size>0x1a</size>
         <input_file_ref idref="fl-e3"/>
      </object_component>
      <object_component id="oc-166">
         <name>.text:Graphics_setBackgroundColor</name>
         <load_address>0x386a</load_address>
         <run_address>0x386a</run_address>
         <size>0x1a</size>
         <input_file_ref idref="fl-e2"/>
      </object_component>
      <object_component id="oc-16c">
         <name>.text:Graphics_setFont</name>
         <load_address>0x3884</load_address>
         <run_address>0x3884</run_address>
         <size>0x1a</size>
         <input_file_ref idref="fl-e2"/>
      </object_component>
      <object_component id="oc-47a">
         <name>.text:EUSCI_A_SPI_enable</name>
         <load_address>0x389e</load_address>
         <run_address>0x389e</run_address>
         <size>0x16</size>
         <input_file_ref idref="fl-da"/>
      </object_component>
      <object_component id="oc-480">
         <name>.text:EUSCI_B_SPI_enable</name>
         <load_address>0x38b4</load_address>
         <run_address>0x38b4</run_address>
         <size>0x16</size>
         <input_file_ref idref="fl-da"/>
      </object_component>
      <object_component id="oc-160">
         <name>.text:Graphics_setForegroundColor</name>
         <load_address>0x38ca</load_address>
         <run_address>0x38ca</run_address>
         <size>0x16</size>
         <input_file_ref idref="fl-e2"/>
      </object_component>
      <object_component id="oc-2d4">
         <name>.text:Graphics_translateColorOnDisplay</name>
         <load_address>0x38e0</load_address>
         <run_address>0x38e0</run_address>
         <size>0x16</size>
         <input_file_ref idref="fl-e3"/>
      </object_component>
      <object_component id="oc-18a">
         <name>.text:Timer_A_startCounter</name>
         <load_address>0x38f6</load_address>
         <run_address>0x38f6</run_address>
         <size>0x16</size>
         <input_file_ref idref="fl-dd"/>
      </object_component>
      <object_component id="oc-1b4">
         <name>.text:UART_enableModule</name>
         <load_address>0x390c</load_address>
         <run_address>0x390c</run_address>
         <size>0x16</size>
         <input_file_ref idref="fl-de"/>
      </object_component>
      <object_component id="oc-416">
         <name>.text:PCM_getPowerState</name>
         <load_address>0x3924</load_address>
         <run_address>0x3924</run_address>
         <size>0x14</size>
         <input_file_ref idref="fl-d8"/>
      </object_component>
      <object_component id="oc-172">
         <name>.text:Graphics_clearDisplay</name>
         <load_address>0x3938</load_address>
         <run_address>0x3938</run_address>
         <size>0x12</size>
         <input_file_ref idref="fl-e2"/>
      </object_component>
      <object_component id="oc-31a">
         <name>.text:ADCIsConversionRunning</name>
         <load_address>0x394c</load_address>
         <run_address>0x394c</run_address>
         <size>0x10</size>
         <input_file_ref idref="fl-d3"/>
      </object_component>
      <object_component id="oc-1f0">
         <name>.text:Interrupt_disableMaster</name>
         <load_address>0x395c</load_address>
         <run_address>0x395c</run_address>
         <size>0x10</size>
         <input_file_ref idref="fl-d7"/>
      </object_component>
      <object_component id="oc-190">
         <name>.text:Interrupt_enableMaster</name>
         <load_address>0x396c</load_address>
         <run_address>0x396c</run_address>
         <size>0x10</size>
         <input_file_ref idref="fl-d7"/>
      </object_component>
      <object_component id="oc-1a2">
         <name>.text:PCM_setCoreVoltageLevel</name>
         <load_address>0x397c</load_address>
         <run_address>0x397c</run_address>
         <size>0x10</size>
         <input_file_ref idref="fl-d8"/>
      </object_component>
      <object_component id="oc-41c">
         <name>.text:PCM_setPowerMode</name>
         <load_address>0x398c</load_address>
         <run_address>0x398c</run_address>
         <size>0x10</size>
         <input_file_ref idref="fl-d8"/>
      </object_component>
      <object_component id="oc-1d">
         <name>.text:decompress:none:__TI_decompress_none</name>
         <load_address>0x399c</load_address>
         <run_address>0x399c</run_address>
         <size>0xe</size>
         <input_file_ref idref="fl-c8"/>
      </object_component>
      <object_component id="oc-67">
         <name>.text</name>
         <load_address>0x39aa</load_address>
         <run_address>0x39aa</run_address>
         <size>0xe</size>
         <input_file_ref idref="fl-7"/>
      </object_component>
      <object_component id="oc-1ba">
         <name>.text:ADC14_enableModule</name>
         <load_address>0x39b8</load_address>
         <run_address>0x39b8</run_address>
         <size>0xc</size>
         <input_file_ref idref="fl-d3"/>
      </object_component>
      <object_component id="oc-329">
         <name>.text:CPU_cpsid</name>
         <load_address>0x39c4</load_address>
         <run_address>0x39c4</run_address>
         <size>0xc</size>
         <input_file_ref idref="fl-e0"/>
      </object_component>
      <object_component id="oc-305">
         <name>.text:CPU_cpsie</name>
         <load_address>0x39d0</load_address>
         <run_address>0x39d0</run_address>
         <size>0xc</size>
         <input_file_ref idref="fl-e0"/>
      </object_component>
      <object_component id="oc-49">
         <name>.text:decompress:ZI:__TI_zero_init</name>
         <load_address>0x39dc</load_address>
         <run_address>0x39dc</run_address>
         <size>0xc</size>
         <input_file_ref idref="fl-c7"/>
      </object_component>
      <object_component id="oc-216">
         <name>.text:CPU_wfi</name>
         <load_address>0x39e8</load_address>
         <run_address>0x39e8</run_address>
         <size>0x4</size>
         <input_file_ref idref="fl-e0"/>
      </object_component>
      <object_component id="oc-93">
         <name>.text:_system_pre_init</name>
         <load_address>0x39ec</load_address>
         <run_address>0x39ec</run_address>
         <size>0x4</size>
         <input_file_ref idref="fl-ce"/>
      </object_component>
      <object_component id="oc-112">
         <name>.text:abort:abort</name>
         <load_address>0x39f0</load_address>
         <run_address>0x39f0</run_address>
         <size>0x4</size>
         <input_file_ref idref="fl-d0"/>
      </object_component>
      <object_component id="oc-33f">
         <name>.const:.string:game_image</name>
         <load_address>0x39f4</load_address>
         <run_address>0x39f4</run_address>
         <size>0x800</size>
         <input_file_ref idref="fl-4"/>
      </object_component>
      <object_component id="oc-45c">
         <name>.const:.string:menu_image</name>
         <load_address>0x41f4</load_address>
         <run_address>0x41f4</run_address>
         <size>0x800</size>
         <input_file_ref idref="fl-4"/>
      </object_component>
      <object_component id="oc-457">
         <name>.const:.string:menu_sel_image</name>
         <load_address>0x49f4</load_address>
         <run_address>0x49f4</run_address>
         <size>0x800</size>
         <input_file_ref idref="fl-4"/>
      </object_component>
      <object_component id="oc-336">
         <name>.const:.string:g_pucFontFixed6x8Data</name>
         <load_address>0x51f4</load_address>
         <run_address>0x51f4</run_address>
         <size>0x2f8</size>
         <input_file_ref idref="fl-e4"/>
      </object_component>
      <object_component id="oc-209">
         <name>.const:g_sFontFixed6x8</name>
         <load_address>0x54ec</load_address>
         <run_address>0x54ec</run_address>
         <size>0xc8</size>
         <input_file_ref idref="fl-e4"/>
      </object_component>
      <object_component id="oc-25f">
         <name>.const:_ctlRegs</name>
         <load_address>0x55b4</load_address>
         <run_address>0x55b4</run_address>
         <size>0x80</size>
         <input_file_ref idref="fl-d3"/>
      </object_component>
      <object_component id="oc-255">
         <name>.const:GPIO_PORT_TO_BASE</name>
         <load_address>0x5634</load_address>
         <run_address>0x5634</run_address>
         <size>0x30</size>
         <input_file_ref idref="fl-d6"/>
      </object_component>
      <object_component id="oc-212">
         <name>.const:uartConfig</name>
         <load_address>0x5664</load_address>
         <run_address>0x5664</run_address>
         <size>0x28</size>
         <input_file_ref idref="fl-2"/>
      </object_component>
      <object_component id="oc-206">
         <name>.const:g_sCrystalfontz128x128_funcs</name>
         <load_address>0x568c</load_address>
         <run_address>0x568c</run_address>
         <size>0x20</size>
         <input_file_ref idref="fl-a"/>
      </object_component>
      <object_component id="oc-3c9">
         <name>.const:$P$T0$1</name>
         <load_address>0x56ac</load_address>
         <run_address>0x56ac</run_address>
         <size>0x1c</size>
         <input_file_ref idref="fl-b"/>
      </object_component>
      <object_component id="oc-20f">
         <name>.const:upConfig</name>
         <load_address>0x56c8</load_address>
         <run_address>0x56c8</run_address>
         <size>0x18</size>
         <input_file_ref idref="fl-2"/>
      </object_component>
      <object_component id="oc-20c">
         <name>.const:GAME</name>
         <load_address>0x56e0</load_address>
         <run_address>0x56e0</run_address>
         <size>0x10</size>
         <input_file_ref idref="fl-4"/>
      </object_component>
      <object_component id="oc-380">
         <name>.const:MENU_IMAGE</name>
         <load_address>0x56f0</load_address>
         <run_address>0x56f0</run_address>
         <size>0x10</size>
         <input_file_ref idref="fl-4"/>
      </object_component>
      <object_component id="oc-37d">
         <name>.const:MENU_SEL</name>
         <load_address>0x5700</load_address>
         <run_address>0x5700</run_address>
         <size>0x10</size>
         <input_file_ref idref="fl-4"/>
      </object_component>
      <object_component id="oc-2ce">
         <name>.const:$P$T0$1</name>
         <load_address>0x5710</load_address>
         <run_address>0x5710</run_address>
         <size>0x8</size>
         <input_file_ref idref="fl-a"/>
      </object_component>
      <object_component id="oc-300">
         <name>.const:g_pulEnRegs</name>
         <load_address>0x5718</load_address>
         <run_address>0x5718</run_address>
         <size>0x8</size>
         <input_file_ref idref="fl-d7"/>
      </object_component>
      <object_component id="oc-33c">
         <name>.const:palette_BLACK_WHITE</name>
         <load_address>0x5720</load_address>
         <run_address>0x5720</run_address>
         <size>0x8</size>
         <input_file_ref idref="fl-4"/>
      </object_component>
      <object_component id="oc-239">
         <name>.const:rectangle_A1</name>
         <load_address>0x5728</load_address>
         <run_address>0x5728</run_address>
         <size>0x8</size>
         <input_file_ref idref="fl-2"/>
      </object_component>
      <object_component id="oc-236">
         <name>.const:rectangle_A</name>
         <load_address>0x5730</load_address>
         <run_address>0x5730</run_address>
         <size>0x8</size>
         <input_file_ref idref="fl-2"/>
      </object_component>
      <object_component id="oc-233">
         <name>.const:rectangle_J1</name>
         <load_address>0x5738</load_address>
         <run_address>0x5738</run_address>
         <size>0x8</size>
         <input_file_ref idref="fl-2"/>
      </object_component>
      <object_component id="oc-230">
         <name>.const:rectangle_J</name>
         <load_address>0x5740</load_address>
         <run_address>0x5740</run_address>
         <size>0x8</size>
         <input_file_ref idref="fl-2"/>
      </object_component>
      <object_component id="oc-4e1">
         <name>.cinit..data.load</name>
         <load_address>0x5748</load_address>
         <run_address>0x5748</run_address>
         <size>0x30</size>
      </object_component>
      <object_component id="oc-4df">
         <name>__TI_handler_table</name>
         <load_address>0x5778</load_address>
         <run_address>0x5778</run_address>
         <size>0xc</size>
      </object_component>
      <object_component id="oc-4e2">
         <name>.cinit..bss.load</name>
         <load_address>0x5788</load_address>
         <run_address>0x5788</run_address>
         <size>0x8</size>
      </object_component>
      <object_component id="oc-4e0">
         <name>__TI_cinit_table</name>
         <load_address>0x5790</load_address>
         <run_address>0x5790</run_address>
         <size>0x10</size>
      </object_component>
      <object_component id="oc-4b3">
         <name>.binit</name>
         <load_address>0x0</load_address>
         <run_address>0x0</run_address>
         <size>0x0</size>
      </object_component>
      <object_component id="oc-e2">
         <name>.data</name>
         <load_address>0x20000454</load_address>
         <run_address>0x20000454</run_address>
         <size>0x1a</size>
         <input_file_ref idref="fl-5"/>
      </object_component>
      <object_component id="oc-e5">
         <name>.data:fsm</name>
         <load_address>0x20000434</load_address>
         <run_address>0x20000434</run_address>
         <size>0x20</size>
         <input_file_ref idref="fl-5"/>
      </object_component>
      <object_component id="oc-150">
         <name>.data</name>
         <load_address>0x20000480</load_address>
         <run_address>0x20000480</run_address>
         <size>0x4</size>
         <input_file_ref idref="fl-9"/>
      </object_component>
      <object_component id="oc-203">
         <name>.data:g_sCrystalfontz128x128</name>
         <load_address>0x20000470</load_address>
         <run_address>0x20000470</run_address>
         <size>0x10</size>
         <input_file_ref idref="fl-a"/>
      </object_component>
      <object_component id="oc-ed">
         <name>.bss:resultsBuffer</name>
         <uninitialized>true</uninitialized>
         <run_address>0x2000041c</run_address>
         <size>0x8</size>
         <input_file_ref idref="fl-5"/>
      </object_component>
      <object_component id="oc-3ec">
         <name>.bss:g_pulConvertedPalette</name>
         <uninitialized>true</uninitialized>
         <run_address>0x20000000</run_address>
         <size>0x400</size>
         <input_file_ref idref="fl-e5"/>
      </object_component>
      <object_component id="oc-e8">
         <name>.common:button3</name>
         <uninitialized>true</uninitialized>
         <run_address>0x2000042e</run_address>
         <size>0x1</size>
      </object_component>
      <object_component id="oc-eb">
         <name>.common:button5</name>
         <uninitialized>true</uninitialized>
         <run_address>0x2000042f</run_address>
         <size>0x1</size>
      </object_component>
      <object_component id="oc-ec">
         <name>.common:buttonj</name>
         <uninitialized>true</uninitialized>
         <run_address>0x20000430</run_address>
         <size>0x1</size>
      </object_component>
      <object_component id="oc-202">
         <name>.common:g_sContext</name>
         <uninitialized>true</uninitialized>
         <run_address>0x20000400</run_address>
         <size>0x1c</size>
      </object_component>
      <object_component id="oc-2cd">
         <name>.common:Lcd_Orientation</name>
         <uninitialized>true</uninitialized>
         <run_address>0x2000042c</run_address>
         <size>0x1</size>
      </object_component>
      <object_component id="oc-2c5">
         <name>.common:Lcd_ScreenWidth</name>
         <uninitialized>true</uninitialized>
         <run_address>0x20000426</run_address>
         <size>0x2</size>
      </object_component>
      <object_component id="oc-2c8">
         <name>.common:Lcd_ScreenHeigth</name>
         <uninitialized>true</uninitialized>
         <run_address>0x20000424</run_address>
         <size>0x2</size>
      </object_component>
      <object_component id="oc-2c9">
         <name>.common:Lcd_PenSolid</name>
         <uninitialized>true</uninitialized>
         <run_address>0x2000042d</run_address>
         <size>0x1</size>
      </object_component>
      <object_component id="oc-2ca">
         <name>.common:Lcd_FontSolid</name>
         <uninitialized>true</uninitialized>
         <run_address>0x2000042b</run_address>
         <size>0x1</size>
      </object_component>
      <object_component id="oc-2cb">
         <name>.common:Lcd_FlagRead</name>
         <uninitialized>true</uninitialized>
         <run_address>0x2000042a</run_address>
         <size>0x1</size>
      </object_component>
      <object_component id="oc-2cc">
         <name>.common:Lcd_TouchTrim</name>
         <uninitialized>true</uninitialized>
         <run_address>0x20000428</run_address>
         <size>0x2</size>
      </object_component>
      <object_component id="oc-29">
         <name>.stack</name>
         <uninitialized>true</uninitialized>
         <run_address>0x2000fe00</run_address>
         <size>0x4</size>
         <input_file_ref idref="fl-ca"/>
      </object_component>
      <object_component id="oc-4e4">
         <name>.stack</name>
         <uninitialized>true</uninitialized>
         <run_address>0x2000fe00</run_address>
         <size>0x0</size>
      </object_component>
      <object_component id="oc-290">
         <name>.debug_info</name>
         <load_address>0x0</load_address>
         <run_address>0x0</run_address>
         <size>0x51a</size>
         <input_file_ref idref="fl-2"/>
      </object_component>
      <object_component id="oc-237">
         <name>.debug_info</name>
         <load_address>0x51a</load_address>
         <run_address>0x51a</run_address>
         <size>0xec</size>
         <input_file_ref idref="fl-2"/>
      </object_component>
      <object_component id="oc-23a">
         <name>.debug_info</name>
         <load_address>0x606</load_address>
         <run_address>0x606</run_address>
         <size>0xee</size>
         <input_file_ref idref="fl-2"/>
      </object_component>
      <object_component id="oc-231">
         <name>.debug_info</name>
         <load_address>0x6f4</load_address>
         <run_address>0x6f4</run_address>
         <size>0xec</size>
         <input_file_ref idref="fl-2"/>
      </object_component>
      <object_component id="oc-234">
         <name>.debug_info</name>
         <load_address>0x7e0</load_address>
         <run_address>0x7e0</run_address>
         <size>0xee</size>
         <input_file_ref idref="fl-2"/>
      </object_component>
      <object_component id="oc-210">
         <name>.debug_info</name>
         <load_address>0x8ce</load_address>
         <run_address>0x8ce</run_address>
         <size>0xe6</size>
         <input_file_ref idref="fl-2"/>
      </object_component>
      <object_component id="oc-213">
         <name>.debug_info</name>
         <load_address>0x9b4</load_address>
         <run_address>0x9b4</run_address>
         <size>0xea</size>
         <input_file_ref idref="fl-2"/>
      </object_component>
      <object_component id="oc-266">
         <name>.debug_info</name>
         <load_address>0xa9e</load_address>
         <run_address>0xa9e</run_address>
         <size>0xd4</size>
         <input_file_ref idref="fl-2"/>
      </object_component>
      <object_component id="oc-fd">
         <name>.debug_info</name>
         <load_address>0xb72</load_address>
         <run_address>0xb72</run_address>
         <size>0x26b</size>
         <input_file_ref idref="fl-2"/>
      </object_component>
      <object_component id="oc-27a">
         <name>.debug_info</name>
         <load_address>0xddd</load_address>
         <run_address>0xddd</run_address>
         <size>0x1055</size>
         <input_file_ref idref="fl-2"/>
      </object_component>
      <object_component id="oc-275">
         <name>.debug_info</name>
         <load_address>0x1e32</load_address>
         <run_address>0x1e32</run_address>
         <size>0x37e2</size>
         <input_file_ref idref="fl-2"/>
      </object_component>
      <object_component id="oc-27f">
         <name>.debug_info</name>
         <load_address>0x5614</load_address>
         <run_address>0x5614</run_address>
         <size>0x439</size>
         <input_file_ref idref="fl-2"/>
      </object_component>
      <object_component id="oc-386">
         <name>.debug_info</name>
         <load_address>0x5a4d</load_address>
         <run_address>0x5a4d</run_address>
         <size>0x341</size>
         <input_file_ref idref="fl-2"/>
      </object_component>
      <object_component id="oc-32">
         <name>.debug_info</name>
         <load_address>0x5d8e</load_address>
         <run_address>0x5d8e</run_address>
         <size>0x84</size>
         <input_file_ref idref="fl-2"/>
      </object_component>
      <object_component id="oc-28b">
         <name>.debug_info</name>
         <load_address>0x5e12</load_address>
         <run_address>0x5e12</run_address>
         <size>0x2a4</size>
         <input_file_ref idref="fl-2"/>
      </object_component>
      <object_component id="oc-284">
         <name>.debug_info</name>
         <load_address>0x60b6</load_address>
         <run_address>0x60b6</run_address>
         <size>0xef</size>
         <input_file_ref idref="fl-2"/>
      </object_component>
      <object_component id="oc-f6">
         <name>.debug_info</name>
         <load_address>0x61a5</load_address>
         <run_address>0x61a5</run_address>
         <size>0xbb</size>
         <input_file_ref idref="fl-2"/>
      </object_component>
      <object_component id="oc-3cd">
         <name>.debug_info</name>
         <load_address>0x6260</load_address>
         <run_address>0x6260</run_address>
         <size>0x131</size>
         <input_file_ref idref="fl-2"/>
      </object_component>
      <object_component id="oc-38b">
         <name>.debug_info</name>
         <load_address>0x6391</load_address>
         <run_address>0x6391</run_address>
         <size>0x102</size>
         <input_file_ref idref="fl-2"/>
      </object_component>
      <object_component id="oc-bf">
         <name>.debug_info</name>
         <load_address>0x6493</load_address>
         <run_address>0x6493</run_address>
         <size>0xad3</size>
         <input_file_ref idref="fl-3"/>
      </object_component>
      <object_component id="oc-f1">
         <name>.debug_info</name>
         <load_address>0x6f66</load_address>
         <run_address>0x6f66</run_address>
         <size>0x8b</size>
         <input_file_ref idref="fl-3"/>
      </object_component>
      <object_component id="oc-344">
         <name>.debug_info</name>
         <load_address>0x6ff1</load_address>
         <run_address>0x6ff1</run_address>
         <size>0x256</size>
         <input_file_ref idref="fl-4"/>
      </object_component>
      <object_component id="oc-33d">
         <name>.debug_info</name>
         <load_address>0x7247</load_address>
         <run_address>0x7247</run_address>
         <size>0xf8</size>
         <input_file_ref idref="fl-4"/>
      </object_component>
      <object_component id="oc-340">
         <name>.debug_info</name>
         <load_address>0x733f</load_address>
         <run_address>0x733f</run_address>
         <size>0xe6</size>
         <input_file_ref idref="fl-4"/>
      </object_component>
      <object_component id="oc-20d">
         <name>.debug_info</name>
         <load_address>0x7425</load_address>
         <run_address>0x7425</run_address>
         <size>0xdb</size>
         <input_file_ref idref="fl-4"/>
      </object_component>
      <object_component id="oc-45d">
         <name>.debug_info</name>
         <load_address>0x7500</load_address>
         <run_address>0x7500</run_address>
         <size>0xe6</size>
         <input_file_ref idref="fl-4"/>
      </object_component>
      <object_component id="oc-381">
         <name>.debug_info</name>
         <load_address>0x75e6</load_address>
         <run_address>0x75e6</run_address>
         <size>0xe8</size>
         <input_file_ref idref="fl-4"/>
      </object_component>
      <object_component id="oc-458">
         <name>.debug_info</name>
         <load_address>0x76ce</load_address>
         <run_address>0x76ce</run_address>
         <size>0xef</size>
         <input_file_ref idref="fl-4"/>
      </object_component>
      <object_component id="oc-37e">
         <name>.debug_info</name>
         <load_address>0x77bd</load_address>
         <run_address>0x77bd</run_address>
         <size>0xe4</size>
         <input_file_ref idref="fl-4"/>
      </object_component>
      <object_component id="oc-e9">
         <name>.debug_info</name>
         <load_address>0x78a1</load_address>
         <run_address>0x78a1</run_address>
         <size>0xa1c</size>
         <input_file_ref idref="fl-5"/>
      </object_component>
      <object_component id="oc-e3">
         <name>.debug_info</name>
         <load_address>0x82bd</load_address>
         <run_address>0x82bd</run_address>
         <size>0x304</size>
         <input_file_ref idref="fl-5"/>
      </object_component>
      <object_component id="oc-ee">
         <name>.debug_info</name>
         <load_address>0x85c1</load_address>
         <run_address>0x85c1</run_address>
         <size>0xea</size>
         <input_file_ref idref="fl-5"/>
      </object_component>
      <object_component id="oc-e6">
         <name>.debug_info</name>
         <load_address>0x86ab</load_address>
         <run_address>0x86ab</run_address>
         <size>0xd7</size>
         <input_file_ref idref="fl-5"/>
      </object_component>
      <object_component id="oc-6f">
         <name>.debug_info</name>
         <load_address>0x8782</load_address>
         <run_address>0x8782</run_address>
         <size>0x38c</size>
         <input_file_ref idref="fl-5"/>
      </object_component>
      <object_component id="oc-af">
         <name>.debug_info</name>
         <load_address>0x8b0e</load_address>
         <run_address>0x8b0e</run_address>
         <size>0x8a6</size>
         <input_file_ref idref="fl-6"/>
      </object_component>
      <object_component id="oc-75">
         <name>.debug_info</name>
         <load_address>0x93b4</load_address>
         <run_address>0x93b4</run_address>
         <size>0x2d8</size>
         <input_file_ref idref="fl-7"/>
      </object_component>
      <object_component id="oc-27">
         <name>.debug_info</name>
         <load_address>0x968c</load_address>
         <run_address>0x968c</run_address>
         <size>0x104</size>
         <input_file_ref idref="fl-7"/>
      </object_component>
      <object_component id="oc-6b">
         <name>.debug_info</name>
         <load_address>0x9790</load_address>
         <run_address>0x9790</run_address>
         <size>0x1cb</size>
         <input_file_ref idref="fl-7"/>
      </object_component>
      <object_component id="oc-26e">
         <name>.debug_info</name>
         <load_address>0x995b</load_address>
         <run_address>0x995b</run_address>
         <size>0x3b4</size>
         <input_file_ref idref="fl-8"/>
      </object_component>
      <object_component id="oc-151">
         <name>.debug_info</name>
         <load_address>0x9d0f</load_address>
         <run_address>0x9d0f</run_address>
         <size>0xfd</size>
         <input_file_ref idref="fl-9"/>
      </object_component>
      <object_component id="oc-a6">
         <name>.debug_info</name>
         <load_address>0x9e0c</load_address>
         <run_address>0x9e0c</run_address>
         <size>0x26f</size>
         <input_file_ref idref="fl-9"/>
      </object_component>
      <object_component id="oc-2c6">
         <name>.debug_info</name>
         <load_address>0xa07b</load_address>
         <run_address>0xa07b</run_address>
         <size>0x93a</size>
         <input_file_ref idref="fl-a"/>
      </object_component>
      <object_component id="oc-204">
         <name>.debug_info</name>
         <load_address>0xa9b5</load_address>
         <run_address>0xa9b5</run_address>
         <size>0x11e</size>
         <input_file_ref idref="fl-a"/>
      </object_component>
      <object_component id="oc-207">
         <name>.debug_info</name>
         <load_address>0xaad3</load_address>
         <run_address>0xaad3</run_address>
         <size>0x12a</size>
         <input_file_ref idref="fl-a"/>
      </object_component>
      <object_component id="oc-2cf">
         <name>.debug_info</name>
         <load_address>0xabfd</load_address>
         <run_address>0xabfd</run_address>
         <size>0xff</size>
         <input_file_ref idref="fl-a"/>
      </object_component>
      <object_component id="oc-156">
         <name>.debug_info</name>
         <load_address>0xacfc</load_address>
         <run_address>0xacfc</run_address>
         <size>0x152d</size>
         <input_file_ref idref="fl-a"/>
      </object_component>
      <object_component id="oc-3d6">
         <name>.debug_info</name>
         <load_address>0xc229</load_address>
         <run_address>0xc229</run_address>
         <size>0x37e2</size>
         <input_file_ref idref="fl-a"/>
      </object_component>
      <object_component id="oc-489">
         <name>.debug_info</name>
         <load_address>0xfa0b</load_address>
         <run_address>0xfa0b</run_address>
         <size>0x880</size>
         <input_file_ref idref="fl-b"/>
      </object_component>
      <object_component id="oc-3ca">
         <name>.debug_info</name>
         <load_address>0x1028b</load_address>
         <run_address>0x1028b</run_address>
         <size>0x112</size>
         <input_file_ref idref="fl-b"/>
      </object_component>
      <object_component id="oc-2b6">
         <name>.debug_info</name>
         <load_address>0x1039d</load_address>
         <run_address>0x1039d</run_address>
         <size>0x5ac</size>
         <input_file_ref idref="fl-b"/>
      </object_component>
      <object_component id="oc-8c">
         <name>.debug_info</name>
         <load_address>0x10949</load_address>
         <run_address>0x10949</run_address>
         <size>0x2d4</size>
         <input_file_ref idref="fl-c7"/>
      </object_component>
      <object_component id="oc-4b">
         <name>.debug_info</name>
         <load_address>0x10c1d</load_address>
         <run_address>0x10c1d</run_address>
         <size>0x1b5</size>
         <input_file_ref idref="fl-c7"/>
      </object_component>
      <object_component id="oc-87">
         <name>.debug_info</name>
         <load_address>0x10dd2</load_address>
         <run_address>0x10dd2</run_address>
         <size>0x46</size>
         <input_file_ref idref="fl-c7"/>
      </object_component>
      <object_component id="oc-109">
         <name>.debug_info</name>
         <load_address>0x10e18</load_address>
         <run_address>0x10e18</run_address>
         <size>0x2c</size>
         <input_file_ref idref="fl-c7"/>
      </object_component>
      <object_component id="oc-42">
         <name>.debug_info</name>
         <load_address>0x10e44</load_address>
         <run_address>0x10e44</run_address>
         <size>0x2a8</size>
         <input_file_ref idref="fl-c8"/>
      </object_component>
      <object_component id="oc-1f">
         <name>.debug_info</name>
         <load_address>0x110ec</load_address>
         <run_address>0x110ec</run_address>
         <size>0x1ea</size>
         <input_file_ref idref="fl-c8"/>
      </object_component>
      <object_component id="oc-3d">
         <name>.debug_info</name>
         <load_address>0x112d6</load_address>
         <run_address>0x112d6</run_address>
         <size>0x46</size>
         <input_file_ref idref="fl-c8"/>
      </object_component>
      <object_component id="oc-7f">
         <name>.debug_info</name>
         <load_address>0x1131c</load_address>
         <run_address>0x1131c</run_address>
         <size>0x2c</size>
         <input_file_ref idref="fl-c8"/>
      </object_component>
      <object_component id="oc-7d">
         <name>.debug_info</name>
         <load_address>0x11348</load_address>
         <run_address>0x11348</run_address>
         <size>0x29e</size>
         <input_file_ref idref="fl-c9"/>
      </object_component>
      <object_component id="oc-1a">
         <name>.debug_info</name>
         <load_address>0x115e6</load_address>
         <run_address>0x115e6</run_address>
         <size>0x250</size>
         <input_file_ref idref="fl-c9"/>
      </object_component>
      <object_component id="oc-2d">
         <name>.debug_info</name>
         <load_address>0x11836</load_address>
         <run_address>0x11836</run_address>
         <size>0x60</size>
         <input_file_ref idref="fl-c9"/>
      </object_component>
      <object_component id="oc-102">
         <name>.debug_info</name>
         <load_address>0x11896</load_address>
         <run_address>0x11896</run_address>
         <size>0x46</size>
         <input_file_ref idref="fl-c9"/>
      </object_component>
      <object_component id="oc-78">
         <name>.debug_info</name>
         <load_address>0x118dc</load_address>
         <run_address>0x118dc</run_address>
         <size>0x39</size>
         <input_file_ref idref="fl-c9"/>
      </object_component>
      <object_component id="oc-2a">
         <name>.debug_info</name>
         <load_address>0x11915</load_address>
         <run_address>0x11915</run_address>
         <size>0x10b</size>
         <input_file_ref idref="fl-ca"/>
      </object_component>
      <object_component id="oc-59">
         <name>.debug_info</name>
         <load_address>0x11a20</load_address>
         <run_address>0x11a20</run_address>
         <size>0x1a9</size>
         <input_file_ref idref="fl-ca"/>
      </object_component>
      <object_component id="oc-39">
         <name>.debug_info</name>
         <load_address>0x11bc9</load_address>
         <run_address>0x11bc9</run_address>
         <size>0x119</size>
         <input_file_ref idref="fl-cb"/>
      </object_component>
      <object_component id="oc-8f">
         <name>.debug_info</name>
         <load_address>0x11ce2</load_address>
         <run_address>0x11ce2</run_address>
         <size>0x147</size>
         <input_file_ref idref="fl-cc"/>
      </object_component>
      <object_component id="oc-29c">
         <name>.debug_info</name>
         <load_address>0x11e29</load_address>
         <run_address>0x11e29</run_address>
         <size>0x4b3</size>
         <input_file_ref idref="fl-cd"/>
      </object_component>
      <object_component id="oc-120">
         <name>.debug_info</name>
         <load_address>0x122dc</load_address>
         <run_address>0x122dc</run_address>
         <size>0x1a6</size>
         <input_file_ref idref="fl-cd"/>
      </object_component>
      <object_component id="oc-3a0">
         <name>.debug_info</name>
         <load_address>0x12482</load_address>
         <run_address>0x12482</run_address>
         <size>0x39</size>
         <input_file_ref idref="fl-cd"/>
      </object_component>
      <object_component id="oc-464">
         <name>.debug_info</name>
         <load_address>0x124bb</load_address>
         <run_address>0x124bb</run_address>
         <size>0x39</size>
         <input_file_ref idref="fl-cd"/>
      </object_component>
      <object_component id="oc-3a5">
         <name>.debug_info</name>
         <load_address>0x124f4</load_address>
         <run_address>0x124f4</run_address>
         <size>0x39</size>
         <input_file_ref idref="fl-cd"/>
      </object_component>
      <object_component id="oc-3aa">
         <name>.debug_info</name>
         <load_address>0x1252d</load_address>
         <run_address>0x1252d</run_address>
         <size>0xcd</size>
         <input_file_ref idref="fl-cd"/>
      </object_component>
      <object_component id="oc-94">
         <name>.debug_info</name>
         <load_address>0x125fa</load_address>
         <run_address>0x125fa</run_address>
         <size>0x153</size>
         <input_file_ref idref="fl-ce"/>
      </object_component>
      <object_component id="oc-116">
         <name>.debug_info</name>
         <load_address>0x1274d</load_address>
         <run_address>0x1274d</run_address>
         <size>0x122</size>
         <input_file_ref idref="fl-d0"/>
      </object_component>
      <object_component id="oc-323">
         <name>.debug_info</name>
         <load_address>0x1286f</load_address>
         <run_address>0x1286f</run_address>
         <size>0x706</size>
         <input_file_ref idref="fl-d3"/>
      </object_component>
      <object_component id="oc-260">
         <name>.debug_info</name>
         <load_address>0x12f75</load_address>
         <run_address>0x12f75</run_address>
         <size>0x124</size>
         <input_file_ref idref="fl-d3"/>
      </object_component>
      <object_component id="oc-25c">
         <name>.debug_info</name>
         <load_address>0x13099</load_address>
         <run_address>0x13099</run_address>
         <size>0x1d9</size>
         <input_file_ref idref="fl-d3"/>
      </object_component>
      <object_component id="oc-31d">
         <name>.debug_info</name>
         <load_address>0x13272</load_address>
         <run_address>0x13272</run_address>
         <size>0x1b8</size>
         <input_file_ref idref="fl-d3"/>
      </object_component>
      <object_component id="oc-1be">
         <name>.debug_info</name>
         <load_address>0x1342a</load_address>
         <run_address>0x1342a</run_address>
         <size>0x1ad</size>
         <input_file_ref idref="fl-d3"/>
      </object_component>
      <object_component id="oc-1e2">
         <name>.debug_info</name>
         <load_address>0x135d7</load_address>
         <run_address>0x135d7</run_address>
         <size>0x233</size>
         <input_file_ref idref="fl-d3"/>
      </object_component>
      <object_component id="oc-1c4">
         <name>.debug_info</name>
         <load_address>0x1380a</load_address>
         <run_address>0x1380a</run_address>
         <size>0x2fa</size>
         <input_file_ref idref="fl-d3"/>
      </object_component>
      <object_component id="oc-1dc">
         <name>.debug_info</name>
         <load_address>0x13b04</load_address>
         <run_address>0x13b04</run_address>
         <size>0x27d</size>
         <input_file_ref idref="fl-d3"/>
      </object_component>
      <object_component id="oc-1ca">
         <name>.debug_info</name>
         <load_address>0x13d81</load_address>
         <run_address>0x13d81</run_address>
         <size>0x308</size>
         <input_file_ref idref="fl-d3"/>
      </object_component>
      <object_component id="oc-1e8">
         <name>.debug_info</name>
         <load_address>0x14089</load_address>
         <run_address>0x14089</run_address>
         <size>0x1d9</size>
         <input_file_ref idref="fl-d3"/>
      </object_component>
      <object_component id="oc-bc">
         <name>.debug_info</name>
         <load_address>0x14262</load_address>
         <run_address>0x14262</run_address>
         <size>0x1ca</size>
         <input_file_ref idref="fl-d3"/>
      </object_component>
      <object_component id="oc-1d0">
         <name>.debug_info</name>
         <load_address>0x1442c</load_address>
         <run_address>0x1442c</run_address>
         <size>0x38b</size>
         <input_file_ref idref="fl-d3"/>
      </object_component>
      <object_component id="oc-da">
         <name>.debug_info</name>
         <load_address>0x147b7</load_address>
         <run_address>0x147b7</run_address>
         <size>0x22f</size>
         <input_file_ref idref="fl-d3"/>
      </object_component>
      <object_component id="oc-1d6">
         <name>.debug_info</name>
         <load_address>0x149e6</load_address>
         <run_address>0x149e6</run_address>
         <size>0x1eb</size>
         <input_file_ref idref="fl-d3"/>
      </object_component>
      <object_component id="oc-247">
         <name>.debug_info</name>
         <load_address>0x14bd1</load_address>
         <run_address>0x14bd1</run_address>
         <size>0x1d6</size>
         <input_file_ref idref="fl-d3"/>
      </object_component>
      <object_component id="oc-c8">
         <name>.debug_info</name>
         <load_address>0x14da7</load_address>
         <run_address>0x14da7</run_address>
         <size>0x1ff</size>
         <input_file_ref idref="fl-d3"/>
      </object_component>
      <object_component id="oc-ce">
         <name>.debug_info</name>
         <load_address>0x14fa6</load_address>
         <run_address>0x14fa6</run_address>
         <size>0x1f1</size>
         <input_file_ref idref="fl-d3"/>
      </object_component>
      <object_component id="oc-3f7">
         <name>.debug_info</name>
         <load_address>0x15197</load_address>
         <run_address>0x15197</run_address>
         <size>0x431a</size>
         <input_file_ref idref="fl-d3"/>
      </object_component>
      <object_component id="oc-3e4">
         <name>.debug_info</name>
         <load_address>0x194b1</load_address>
         <run_address>0x194b1</run_address>
         <size>0x26b</size>
         <input_file_ref idref="fl-d3"/>
      </object_component>
      <object_component id="oc-3fc">
         <name>.debug_info</name>
         <load_address>0x1971c</load_address>
         <run_address>0x1971c</run_address>
         <size>0x1028</size>
         <input_file_ref idref="fl-d3"/>
      </object_component>
      <object_component id="oc-372">
         <name>.debug_info</name>
         <load_address>0x1a744</load_address>
         <run_address>0x1a744</run_address>
         <size>0x297</size>
         <input_file_ref idref="fl-d3"/>
      </object_component>
      <object_component id="oc-24a">
         <name>.debug_info</name>
         <load_address>0x1a9db</load_address>
         <run_address>0x1a9db</run_address>
         <size>0xef</size>
         <input_file_ref idref="fl-d3"/>
      </object_component>
      <object_component id="oc-250">
         <name>.debug_info</name>
         <load_address>0x1aaca</load_address>
         <run_address>0x1aaca</run_address>
         <size>0xbb</size>
         <input_file_ref idref="fl-d3"/>
      </object_component>
      <object_component id="oc-1f7">
         <name>.debug_info</name>
         <load_address>0x1ab85</load_address>
         <run_address>0x1ab85</run_address>
         <size>0x29d</size>
         <input_file_ref idref="fl-d4"/>
      </object_component>
      <object_component id="oc-1a9">
         <name>.debug_info</name>
         <load_address>0x1ae22</load_address>
         <run_address>0x1ae22</run_address>
         <size>0x1e5</size>
         <input_file_ref idref="fl-d4"/>
      </object_component>
      <object_component id="oc-19e">
         <name>.debug_info</name>
         <load_address>0x1b007</load_address>
         <run_address>0x1b007</run_address>
         <size>0x224</size>
         <input_file_ref idref="fl-d5"/>
      </object_component>
      <object_component id="oc-379">
         <name>.debug_info</name>
         <load_address>0x1b22b</load_address>
         <run_address>0x1b22b</run_address>
         <size>0x701</size>
         <input_file_ref idref="fl-d6"/>
      </object_component>
      <object_component id="oc-256">
         <name>.debug_info</name>
         <load_address>0x1b92c</load_address>
         <run_address>0x1b92c</run_address>
         <size>0x135</size>
         <input_file_ref idref="fl-d6"/>
      </object_component>
      <object_component id="oc-3b8">
         <name>.debug_info</name>
         <load_address>0x1ba61</load_address>
         <run_address>0x1ba61</run_address>
         <size>0x252</size>
         <input_file_ref idref="fl-d6"/>
      </object_component>
      <object_component id="oc-1fd">
         <name>.debug_info</name>
         <load_address>0x1bcb3</load_address>
         <run_address>0x1bcb3</run_address>
         <size>0x250</size>
         <input_file_ref idref="fl-d6"/>
      </object_component>
      <object_component id="oc-3b2">
         <name>.debug_info</name>
         <load_address>0x1bf03</load_address>
         <run_address>0x1bf03</run_address>
         <size>0x2a5</size>
         <input_file_ref idref="fl-d6"/>
      </object_component>
      <object_component id="oc-197">
         <name>.debug_info</name>
         <load_address>0x1c1a8</load_address>
         <run_address>0x1c1a8</run_address>
         <size>0x2a3</size>
         <input_file_ref idref="fl-d6"/>
      </object_component>
      <object_component id="oc-2c0">
         <name>.debug_info</name>
         <load_address>0x1c44b</load_address>
         <run_address>0x1c44b</run_address>
         <size>0x25a</size>
         <input_file_ref idref="fl-d6"/>
      </object_component>
      <object_component id="oc-2ba">
         <name>.debug_info</name>
         <load_address>0x1c6a5</load_address>
         <run_address>0x1c6a5</run_address>
         <size>0x258</size>
         <input_file_ref idref="fl-d6"/>
      </object_component>
      <object_component id="oc-d1">
         <name>.debug_info</name>
         <load_address>0x1c8fd</load_address>
         <run_address>0x1c8fd</run_address>
         <size>0x27e</size>
         <input_file_ref idref="fl-d6"/>
      </object_component>
      <object_component id="oc-408">
         <name>.debug_info</name>
         <load_address>0x1cb7b</load_address>
         <run_address>0x1cb7b</run_address>
         <size>0x68f</size>
         <input_file_ref idref="fl-d7"/>
      </object_component>
      <object_component id="oc-301">
         <name>.debug_info</name>
         <load_address>0x1d20a</load_address>
         <run_address>0x1d20a</run_address>
         <size>0x12e</size>
         <input_file_ref idref="fl-d7"/>
      </object_component>
      <object_component id="oc-192">
         <name>.debug_info</name>
         <load_address>0x1d338</load_address>
         <run_address>0x1d338</run_address>
         <size>0x1d5</size>
         <input_file_ref idref="fl-d7"/>
      </object_component>
      <object_component id="oc-1f2">
         <name>.debug_info</name>
         <load_address>0x1d50d</load_address>
         <run_address>0x1d50d</run_address>
         <size>0x1d7</size>
         <input_file_ref idref="fl-d7"/>
      </object_component>
      <object_component id="oc-185">
         <name>.debug_info</name>
         <load_address>0x1d6e4</load_address>
         <run_address>0x1d6e4</run_address>
         <size>0x219</size>
         <input_file_ref idref="fl-d7"/>
      </object_component>
      <object_component id="oc-310">
         <name>.debug_info</name>
         <load_address>0x1d8fd</load_address>
         <run_address>0x1d8fd</run_address>
         <size>0x3a5</size>
         <input_file_ref idref="fl-d8"/>
      </object_component>
      <object_component id="oc-1a4">
         <name>.debug_info</name>
         <load_address>0x1dca2</load_address>
         <run_address>0x1dca2</run_address>
         <size>0x220</size>
         <input_file_ref idref="fl-d8"/>
      </object_component>
      <object_component id="oc-40c">
         <name>.debug_info</name>
         <load_address>0x1dec2</load_address>
         <run_address>0x1dec2</run_address>
         <size>0x1eb</size>
         <input_file_ref idref="fl-d8"/>
      </object_component>
      <object_component id="oc-412">
         <name>.debug_info</name>
         <load_address>0x1e0ad</load_address>
         <run_address>0x1e0ad</run_address>
         <size>0x1f9</size>
         <input_file_ref idref="fl-d8"/>
      </object_component>
      <object_component id="oc-495">
         <name>.debug_info</name>
         <load_address>0x1e2a6</load_address>
         <run_address>0x1e2a6</run_address>
         <size>0x346</size>
         <input_file_ref idref="fl-d8"/>
      </object_component>
      <object_component id="oc-41f">
[...]
         <object_component_ref idref="oc-37"/>
      </symbol>
      <symbol id="sm-37b">
         <name>__aeabi_memcpy</name>
         <value>0x2cf7</value>
         <object_component_ref idref="oc-37"/>
      </symbol>
      <symbol id="sm-37c">
         <name>__aeabi_memcpy8</name>
         <value>0x2cf7</value>
         <object_component_ref idref="oc-37"/>
      </symbol>
      <symbol id="sm-37d">
         <name>__aeabi_memcpy4</name>
         <value>0x2cf7</value>
         <object_component_ref idref="oc-37"/>
      </symbol>
      <symbol id="sm-38c">
         <name>__aeabi_memset</name>
         <value>0x2f27</value>
         <object_component_ref idref="oc-8d"/>
      </symbol>
      <symbol id="sm-38d">
         <name>memset</name>
         <value>0x2f2d</value>
         <object_component_ref idref="oc-8d"/>
      </symbol>
      <symbol id="sm-38e">
         <name>__aeabi_memset8</name>
         <value>0x2f27</value>
         <object_component_ref idref="oc-8d"/>
      </symbol>
      <symbol id="sm-38f">
         <name>__aeabi_memset4</name>
         <value>0x2f27</value>
         <object_component_ref idref="oc-8d"/>
      </symbol>
      <symbol id="sm-390">
         <name>__aeabi_memclr8</name>
         <value>0x2f25</value>
         <object_component_ref idref="oc-8d"/>
      </symbol>
      <symbol id="sm-391">
         <name>__aeabi_memclr4</name>
         <value>0x2f25</value>
         <object_component_ref idref="oc-8d"/>
      </symbol>
      <symbol id="sm-392">
         <name>__aeabi_memclr</name>
         <value>0x2f25</value>
         <object_component_ref idref="oc-8d"/>
      </symbol>
      <symbol id="sm-3ba">
         <name>__TI_auto_init_nobinit_nopinit</name>
         <value>0x3361</value>
         <object_component_ref idref="oc-11e"/>
      </symbol>
      <symbol id="sm-3c4">
         <name>_system_pre_init</name>
         <value>0x39ed</value>
         <object_component_ref idref="oc-93"/>
      </symbol>
      <symbol id="sm-3d0">
         <name>C$$EXIT</name>
         <value>0x39f1</value>
         <object_component_ref idref="oc-112"/>
      </symbol>
      <symbol id="sm-3d1">
         <name>abort</name>
         <value>0x39f1</value>
         <object_component_ref idref="oc-112"/>
      </symbol>
      <symbol id="sm-4ea">
         <name>ADC14_enableInterrupt</name>
         <value>0x3609</value>
         <object_component_ref idref="oc-1d2"/>
      </symbol>
      <symbol id="sm-4eb">
         <name>ADC14_getInterruptStatus</name>
         <value>0x3699</value>
         <object_component_ref idref="oc-243"/>
      </symbol>
      <symbol id="sm-4ec">
         <name>ADC14_enableSampleTimer</name>
         <value>0x3509</value>
         <object_component_ref idref="oc-1de"/>
      </symbol>
      <symbol id="sm-4ed">
         <name>ADC14_enableConversion</name>
         <value>0x3749</value>
         <object_component_ref idref="oc-1e4"/>
      </symbol>
      <symbol id="sm-4ee">
         <name>ADC14_toggleConversionTrigger</name>
         <value>0x36c5</value>
         <object_component_ref idref="oc-b8"/>
      </symbol>
      <symbol id="sm-4ef">
         <name>ADC14_getEnabledInterruptStatus</name>
         <value>0x3465</value>
         <object_component_ref idref="oc-c4"/>
      </symbol>
      <symbol id="sm-4f0">
         <name>ADC14_setSampleHoldTime</name>
         <value>0x3639</value>
         <object_component_ref idref="oc-1d8"/>
      </symbol>
      <symbol id="sm-4f1">
         <name>ADC14_initModule</name>
         <value>0x3195</value>
         <object_component_ref idref="oc-1c0"/>
      </symbol>
      <symbol id="sm-4f2">
         <name>ADC14_configureMultiSequenceMode</name>
         <value>0x29b9</value>
         <object_component_ref idref="oc-1c6"/>
      </symbol>
      <symbol id="sm-4f3">
         <name>ADC14_clearInterruptFlag</name>
         <value>0x35d9</value>
         <object_component_ref idref="oc-ca"/>
      </symbol>
      <symbol id="sm-4f4">
         <name>ADC14_configureConversionMemory</name>
         <value>0x2905</value>
         <object_component_ref idref="oc-1cc"/>
      </symbol>
      <symbol id="sm-4f5">
         <name>ADC14_enableModule</name>
         <value>0x39b9</value>
         <object_component_ref idref="oc-1ba"/>
      </symbol>
      <symbol id="sm-4f6">
         <name>ADC14_getResult</name>
         <value>0x3771</value>
         <object_component_ref idref="oc-d6"/>
      </symbol>
      <symbol id="sm-525">
         <name>CS_setDCOCenteredFrequency</name>
         <value>0x353d</value>
         <object_component_ref idref="oc-1a8"/>
      </symbol>
      <symbol id="sm-526">
         <name>CS_initClockSignal</name>
         <value>0x23e9</value>
         <object_component_ref idref="oc-1f6"/>
      </symbol>
      <symbol id="sm-535">
         <name>FlashCtl_setWaitState</name>
         <value>0x3289</value>
         <object_component_ref idref="oc-19c"/>
      </symbol>
      <symbol id="sm-593">
         <name>GPIO_setAsInputPin</name>
         <value>0x323d</value>
         <object_component_ref idref="oc-1fc"/>
      </symbol>
      <symbol id="sm-594">
         <name>GPIO_setOutputHighOnPin</name>
         <value>0x3799</value>
         <object_component_ref idref="oc-2bf"/>
      </symbol>
      <symbol id="sm-595">
         <name>GPIO_setAsOutputPin</name>
         <value>0x33a5</value>
         <object_component_ref idref="oc-3b7"/>
      </symbol>
      <symbol id="sm-596">
         <name>GPIO_setOutputLowOnPin</name>
         <value>0x37c1</value>
         <object_component_ref idref="oc-2b9"/>
      </symbol>
      <symbol id="sm-597">
         <name>GPIO_setAsPeripheralModuleFunctionOutputPin</name>
         <value>0x2e1d</value>
         <object_component_ref idref="oc-3b1"/>
      </symbol>
      <symbol id="sm-598">
         <name>GPIO_getInputPinValue</name>
         <value>0x3669</value>
         <object_component_ref idref="oc-d0"/>
      </symbol>
      <symbol id="sm-599">
         <name>GPIO_setAsPeripheralModuleFunctionInputPin</name>
         <value>0x2d95</value>
         <object_component_ref idref="oc-196"/>
      </symbol>
      <symbol id="sm-5c8">
         <name>Interrupt_disableMaster</name>
         <value>0x395d</value>
         <object_component_ref idref="oc-1f0"/>
      </symbol>
      <symbol id="sm-5c9">
         <name>Interrupt_enableMaster</name>
         <value>0x396d</value>
         <object_component_ref idref="oc-190"/>
      </symbol>
      <symbol id="sm-5ca">
         <name>Interrupt_enableInterrupt</name>
         <value>0x2ea5</value>
         <object_component_ref idref="oc-184"/>
      </symbol>
      <symbol id="sm-655">
         <name>PCM_setCoreVoltageLevel</name>
         <value>0x397d</value>
         <object_component_ref idref="oc-1a2"/>
      </symbol>
      <symbol id="sm-656">
         <name>PCM_getCoreVoltageLevel</name>
         <value>0x30dd</value>
         <object_component_ref idref="oc-410"/>
      </symbol>
      <symbol id="sm-657">
         <name>PCM_getPowerMode</name>
         <value>0x313b</value>
         <object_component_ref idref="oc-40a"/>
      </symbol>
      <symbol id="sm-658">
         <name>PCM_getPowerState</name>
         <value>0x3925</value>
         <object_component_ref idref="oc-416"/>
      </symbol>
      <symbol id="sm-659">
         <name>PCM_gotoLPM0</name>
         <value>0x37e9</value>
         <object_component_ref idref="oc-b2"/>
      </symbol>
      <symbol id="sm-65a">
         <name>PCM_setPowerMode</name>
         <value>0x398d</value>
         <object_component_ref idref="oc-41c"/>
      </symbol>
      <symbol id="sm-69a">
         <name>EUSCI_B_SPI_enable</name>
         <value>0x38b5</value>
         <object_component_ref idref="oc-480"/>
      </symbol>
      <symbol id="sm-69b">
         <name>SPI_enableModule</name>
         <value>0x3835</value>
         <object_component_ref idref="oc-3c3"/>
      </symbol>
      <symbol id="sm-69c">
         <name>EUSCI_A_SPI_enable</name>
         <value>0x389f</value>
         <object_component_ref idref="oc-47a"/>
      </symbol>
      <symbol id="sm-69d">
         <name>SPI_initMaster</name>
         <value>0x2a6d</value>
         <object_component_ref idref="oc-3bd"/>
      </symbol>
      <symbol id="sm-6df">
         <name>Timer_A_clearCaptureCompareInterrupt</name>
         <value>0x371d</value>
         <object_component_ref idref="oc-dc"/>
      </symbol>
      <symbol id="sm-6e0">
         <name>Timer_A_startCounter</name>
         <value>0x38f7</value>
         <object_component_ref idref="oc-18a"/>
      </symbol>
      <symbol id="sm-6e1">
         <name>Timer_A_configureUpMode</name>
         <value>0x300d</value>
         <object_component_ref idref="oc-17e"/>
      </symbol>
      <symbol id="sm-719">
         <name>UART_enableModule</name>
         <value>0x390d</value>
         <object_component_ref idref="oc-1b4"/>
      </symbol>
      <symbol id="sm-71a">
         <name>UART_transmitData</name>
         <value>0x3571</value>
         <object_component_ref idref="oc-23c"/>
      </symbol>
      <symbol id="sm-71b">
         <name>UART_initModule</name>
         <value>0x2519</value>
         <object_component_ref idref="oc-1ae"/>
      </symbol>
      <symbol id="sm-727">
         <name>WDT_A_holdTimer</name>
         <value>0x3811</value>
         <object_component_ref idref="oc-1ea"/>
      </symbol>
      <symbol id="sm-741">
         <name>CPU_wfi</name>
         <value>0x39e9</value>
         <object_component_ref idref="oc-216"/>
      </symbol>
      <symbol id="sm-742">
         <name>CPU_cpsie</name>
         <value>0x39d1</value>
         <object_component_ref idref="oc-305"/>
      </symbol>
      <symbol id="sm-743">
         <name>CPU_cpsid</name>
         <value>0x39c5</value>
         <object_component_ref idref="oc-329"/>
      </symbol>
      <symbol id="sm-765">
         <name>Graphics_fillCircle</name>
         <value>0x18b9</value>
         <object_component_ref idref="oc-22a"/>
      </symbol>
      <symbol id="sm-792">
         <name>Graphics_setBackgroundColor</name>
         <value>0x386b</value>
         <object_component_ref idref="oc-166"/>
      </symbol>
      <symbol id="sm-793">
         <name>Graphics_setFont</name>
         <value>0x3885</value>
         <object_component_ref idref="oc-16c"/>
      </symbol>
      <symbol id="sm-794">
         <name>Graphics_initContext</name>
         <value>0x31e9</value>
         <object_component_ref idref="oc-15a"/>
      </symbol>
      <symbol id="sm-795">
         <name>Graphics_setForegroundColor</name>
         <value>0x38cb</value>
         <object_component_ref idref="oc-160"/>
      </symbol>
      <symbol id="sm-796">
         <name>Graphics_clearDisplay</name>
         <value>0x3939</value>
         <object_component_ref idref="oc-172"/>
      </symbol>
      <symbol id="sm-7cb">
         <name>Graphics_clearDisplayOnDisplay</name>
         <value>0x3851</value>
         <object_component_ref idref="oc-2dd"/>
      </symbol>
      <symbol id="sm-7cc">
         <name>Graphics_drawPixelOnDisplay</name>
         <value>0x36f1</value>
         <object_component_ref idref="oc-2f0"/>
      </symbol>
      <symbol id="sm-7cd">
         <name>Graphics_translateColorOnDisplay</name>
         <value>0x38e1</value>
         <object_component_ref idref="oc-2d4"/>
      </symbol>
      <symbol id="sm-7ce">
         <name>Graphics_drawHorizontalLineOnDisplay</name>
         <value>0x349d</value>
         <object_component_ref idref="oc-442"/>
      </symbol>
      <symbol id="sm-7cf">
         <name>Graphics_drawVerticalLineOnDisplay</name>
         <value>0x34d3</value>
         <object_component_ref idref="oc-44a"/>
      </symbol>
      <symbol id="sm-7d0">
         <name>Graphics_drawMultiplePixelsOnDisplay</name>
         <value>0x3319</value>
         <object_component_ref idref="oc-2ea"/>
      </symbol>
      <symbol id="sm-7e2">
         <name>g_sFontFixed6x8</name>
         <value>0x54ec</value>
         <object_component_ref idref="oc-209"/>
      </symbol>
      <symbol id="sm-818">
         <name>Graphics_drawImage</name>
         <value>0x11f3</value>
         <object_component_ref idref="oc-178"/>
      </symbol>
      <symbol id="sm-839">
         <name>Graphics_drawLineH</name>
         <value>0x2bbf</value>
         <object_component_ref idref="oc-358"/>
      </symbol>
      <symbol id="sm-83a">
         <name>Graphics_drawLineV</name>
         <value>0x2c5b</value>
         <object_component_ref idref="oc-35e"/>
      </symbol>
      <symbol id="sm-848">
         <name>Graphics_drawRectangle</name>
         <value>0x2b1d</value>
         <object_component_ref idref="oc-224"/>
      </symbol>
      <symbol id="sm-8a0">
         <name>Graphics_drawStringCentered</name>
         <value>0x32d1</value>
         <object_component_ref idref="oc-21e"/>
      </symbol>
      <symbol id="sm-8a1">
         <name>Graphics_drawString</name>
         <value>0xd75</value>
         <object_component_ref idref="oc-350"/>
      </symbol>
      <symbol id="sm-8a2">
         <name>Graphics_getStringWidth</name>
         <value>0x273d</value>
         <object_component_ref idref="oc-34a"/>
      </symbol>
      <symbol id="sm-8a3">
         <name>__TI_static_base__</name>
         <value>0x0</value>
      </symbol>
      <symbol id="sm-8a6">
         <name>__mpu_init</name>
         <value>0x0</value>
      </symbol>
      <symbol id="sm-8a7">
         <name>_system_post_cinit</name>
         <value>0x0</value>
      </symbol>
      <symbol id="sm-8a8">
         <name>NMI_Handler</name>
         <value>0x39b7</value>
      </symbol>
      <symbol id="sm-8a9">
         <name>HardFault_Handler</name>
         <value>0x39b7</value>
      </symbol>
      <symbol id="sm-8aa">
         <name>MemManage_Handler</name>
         <value>0x39b7</value>
      </symbol>
      <symbol id="sm-8ab">
         <name>BusFault_Handler</name>
         <value>0x39b7</value>
      </symbol>
      <symbol id="sm-8ac">
         <name>UsageFault_Handler</name>
         <value>0x39b7</value>
      </symbol>
      <symbol id="sm-8ad">
         <name>SVC_Handler</name>
         <value>0x39b7</value>
      </symbol>
      <symbol id="sm-8ae">
         <name>DebugMon_Handler</name>
         <value>0x39b7</value>
      </symbol>
      <symbol id="sm-8af">
         <name>PendSV_Handler</name>
         <value>0x39b7</value>
      </symbol>
      <symbol id="sm-8b0">
         <name>SysTick_Handler</name>
         <value>0x39b7</value>
      </symbol>
      <symbol id="sm-8b1">
         <name>PSS_IRQHandler</name>
         <value>0x39b7</value>
      </symbol>
      <symbol id="sm-8b2">
         <name>CS_IRQHandler</name>
         <value>0x39b7</value>
      </symbol>
      <symbol id="sm-8b3">
         <name>PCM_IRQHandler</name>
         <value>0x39b7</value>
      </symbol>
      <symbol id="sm-8b4">
         <name>WDT_A_IRQHandler</name>
         <value>0x39b7</value>
      </symbol>
      <symbol id="sm-8b5">
         <name>FPU_IRQHandler</name>
         <value>0x39b7</value>
      </symbol>
      <symbol id="sm-8b6">
         <name>FLCTL_IRQHandler</name>
         <value>0x39b7</value>
      </symbol>
      <symbol id="sm-8b7">
         <name>COMP_E0_IRQHandler</name>
         <value>0x39b7</value>
      </symbol>
      <symbol id="sm-8b8">
         <name>COMP_E1_IRQHandler</name>
         <value>0x39b7</value>
      </symbol>
      <symbol id="sm-8b9">
         <name>TA0_0_IRQHandler</name>
         <value>0x39b7</value>
      </symbol>
      <symbol id="sm-8ba">
         <name>TA0_N_IRQHandler</name>
         <value>0x39b7</value>
      </symbol>
      <symbol id="sm-8bb">
         <name>TA1_0_IRQHandler</name>
         <value>0x1e5f</value>
      </symbol>
      <symbol id="sm-8bc">
         <name>TA1_N_IRQHandler</name>
         <value>0x39b7</value>
      </symbol>
      <symbol id="sm-8bd">
         <name>TA2_0_IRQHandler</name>
         <value>0x39b7</value>
      </symbol>
      <symbol id="sm-8be">
         <name>TA2_N_IRQHandler</name>
         <value>0x39b7</value>
      </symbol>
      <symbol id="sm-8bf">
         <name>TA3_0_IRQHandler</name>
         <value>0x39b7</value>
      </symbol>
      <symbol id="sm-8c0">
         <name>TA3_N_IRQHandler</name>
         <value>0x39b7</value>
      </symbol>
      <symbol id="sm-8c1">
         <name>EUSCIA0_IRQHandler</name>
         <value>0x39b7</value>
      </symbol>
      <symbol id="sm-8c2">
         <name>EUSCIA1_IRQHandler</name>
         <value>0x39b7</value>
      </symbol>
      <symbol id="sm-8c3">
         <name>EUSCIA2_IRQHandler</name>
         <value>0x39b7</value>
      </symbol>
      <symbol id="sm-8c4">
         <name>EUSCIA3_IRQHandler</name>
         <value>0x39b7</value>
      </symbol>
      <symbol id="sm-8c5">
         <name>EUSCIB0_IRQHandler</name>
         <value>0x39b7</value>
      </symbol>
      <symbol id="sm-8c6">
         <name>EUSCIB1_IRQHandler</name>
         <value>0x39b7</value>
      </symbol>
      <symbol id="sm-8c7">
         <name>EUSCIB2_IRQHandler</name>
         <value>0x39b7</value>
      </symbol>
      <symbol id="sm-8c8">
         <name>EUSCIB3_IRQHandler</name>
         <value>0x39b7</value>
      </symbol>
      <symbol id="sm-8c9">
         <name>ADC14_IRQHandler</name>
         <value>0x1d25</value>
      </symbol>
      <symbol id="sm-8ca">
         <name>T32_INT1_IRQHandler</name>
         <value>0x39b7</value>
      </symbol>
      <symbol id="sm-8cb">
         <name>T32_INT2_IRQHandler</name>
         <value>0x39b7</value>
      </symbol>
      <symbol id="sm-8cc">
         <name>T32_INTC_IRQHandler</name>
         <value>0x39b7</value>
      </symbol>
      <symbol id="sm-8cd">
         <name>AES256_IRQHandler</name>
         <value>0x39b7</value>
      </symbol>
      <symbol id="sm-8ce">
         <name>RTC_C_IRQHandler</name>
         <value>0x39b7</value>
      </symbol>
      <symbol id="sm-8cf">
         <name>DMA_ERR_IRQHandler</name>
         <value>0x39b7</value>
      </symbol>
      <symbol id="sm-8d0">
         <name>DMA_INT3_IRQHandler</name>
         <value>0x39b7</value>
      </symbol>
      <symbol id="sm-8d1">
         <name>DMA_INT2_IRQHandler</name>
         <value>0x39b7</value>
      </symbol>
      <symbol id="sm-8d2">
         <name>DMA_INT1_IRQHandler</name>
         <value>0x39b7</value>
      </symbol>
      <symbol id="sm-8d3">
         <name>DMA_INT0_IRQHandler</name>
         <value>0x39b7</value>
      </symbol>
      <symbol id="sm-8d4">
         <name>PORT1_IRQHandler</name>
         <value>0x39b7</value>
      </symbol>
      <symbol id="sm-8d5">
         <name>PORT2_IRQHandler</name>
         <value>0x39b7</value>
      </symbol>
      <symbol id="sm-8d6">
         <name>PORT3_IRQHandler</name>
         <value>0x39b7</value>
      </symbol>
      <symbol id="sm-8d7">
         <name>PORT4_IRQHandler</name>
         <value>0x39b7</value>
      </symbol>
      <symbol id="sm-8d8">
         <name>PORT5_IRQHandler</name>
         <value>0x39b7</value>
      </symbol>
      <symbol id="sm-8d9">
         <name>PORT6_IRQHandler</name>
         <value>0x39b7</value>
      </symbol>
   </symbol_table>
   <title>Link successful</title>
</link_info>
